Sep  6 15:14:53 cu-cs-vm rsyslogd: [origin software="rsyslogd" swVersion="8.16.0" x-pid="1692" x-info="http://www.rsyslog.com"] rsyslogd was HUPed
Sep  6 15:15:01 cu-cs-vm anacron[1687]: Job `cron.daily' terminated
Sep  6 15:17:01 cu-cs-vm CRON[5974]: (root) CMD (   cd / && run-parts --report /etc/cron.hourly)
Sep  6 15:19:53 cu-cs-vm anacron[1687]: Job `cron.weekly' started
Sep  6 15:19:53 cu-cs-vm anacron[6100]: Updated timestamp for job `cron.weekly' to 2016-09-06
Sep  6 15:19:53 cu-cs-vm uptimed: moving up to position 5: 0 days, 00:10:06
Sep  6 15:19:54 cu-cs-vm anacron[1687]: Job `cron.weekly' terminated
Sep  6 15:19:54 cu-cs-vm anacron[1687]: Normal exit (2 jobs run)
Sep  6 15:24:53 cu-cs-vm systemd[1]: Starting Cleanup of Temporary Directories...
Sep  6 15:24:53 cu-cs-vm systemd-tmpfiles[6192]: [/usr/lib/tmpfiles.d/var.conf:14] Duplicate line for path "/var/log", ignoring.
Sep  6 15:24:53 cu-cs-vm systemd[1]: Started Cleanup of Temporary Directories.
Sep  6 15:29:53 cu-cs-vm uptimed: moving up to position 4: 0 days, 00:20:06
Sep  6 15:46:47 cu-cs-vm vboxadd.sh: Building Guest Additions kernel modules.
Sep  6 15:46:54 cu-cs-vm systemd[1]: Stopped target Graphical Interface.
Sep  6 15:46:54 cu-cs-vm systemd[1]: Stopped target Multi-User System.
Sep  6 15:46:54 cu-cs-vm systemd[1]: Stopping LSB: Load kernel image with kexec...
Sep  6 15:46:54 cu-cs-vm systemd[1]: Stopping Regular background program processing daemon...
Sep  6 15:46:54 cu-cs-vm kernel: [ 2226.622315] 00:36:26.912698 control  Guest control service stopped
Sep  6 15:46:54 cu-cs-vm kernel: [ 2226.640147] 00:36:26.932188 control  Guest control worker returned with rc=VINF_SUCCESS
Sep  6 15:46:54 cu-cs-vm kernel: [ 2226.641239] 00:36:26.933289 main     Session 0 is about to close ...
Sep  6 15:46:54 cu-cs-vm kernel: [ 2226.641274] 00:36:26.933359 main     Stopping all guest processes ...
Sep  6 15:46:54 cu-cs-vm kernel: [ 2226.641299] 00:36:26.933388 main     Closing all guest files ...
Sep  6 15:14:54 cu-cs-vm rsyslogd: [origin software="rsyslogd" swVersion="8.16.0" x-pid="1692" x-info="http://www.rsyslog.com"] rsyslogd was HUPed
Sep  6 15:46:54 cu-cs-vm rsyslogd: [origin software="rsyslogd" swVersion="8.16.0" x-pid="1692" x-info="http://www.rsyslog.com"] exiting on signal 15.
Sep  6 15:47:10 cu-cs-vm rsyslogd: [origin software="rsyslogd" swVersion="8.16.0" x-pid="1565" x-info="http://www.rsyslog.com"] start
Sep  6 15:47:10 cu-cs-vm rsyslogd-2222: command 'KLogPermitNonKernelFacility' is currently not permitted - did you already set it via a RainerScript command (v6+ config)? [v8.16.0 try http://www.rsyslog.com/e/2222 ]
Sep  6 15:47:10 cu-cs-vm rsyslogd: rsyslogd's groupid changed to 108
Sep  6 15:47:10 cu-cs-vm rsyslogd: rsyslogd's userid changed to 104
Sep  6 15:47:10 cu-cs-vm systemd-modules-load[601]: Inserted module 'lp'
Sep  6 15:47:10 cu-cs-vm systemd-modules-load[601]: Inserted module 'ppdev'
Sep  6 15:47:10 cu-cs-vm systemd[1]: Started Create list of required static device nodes for the current kernel.
Sep  6 15:47:10 cu-cs-vm systemd-modules-load[601]: Inserted module 'parport_pc'
Sep  6 15:47:10 cu-cs-vm systemd[1]: Started Load Kernel Modules.
Sep  6 15:47:10 cu-cs-vm systemd[1]: Started Uncomplicated firewall.
Sep  6 15:47:10 cu-cs-vm systemd[1]: Started Nameserver information manager.
Sep  6 15:47:10 cu-cs-vm loadkeys[609]: Loading /etc/console-setup/cached.kmap.gz
Sep  6 15:47:10 cu-cs-vm systemd[1]: Started Set console keymap.
Sep  6 15:47:10 cu-cs-vm systemd[1]: Mounting FUSE Control File System...
Sep  6 15:47:10 cu-cs-vm systemd[1]: Starting Apply Kernel Variables...
Sep  6 15:47:10 cu-cs-vm systemd[1]: Starting Create Static Device Nodes in /dev...
Sep  6 15:47:10 cu-cs-vm systemd[1]: Mounted FUSE Control File System.
Sep  6 15:47:10 cu-cs-vm systemd[1]: Started Apply Kernel Variables.
Sep  6 15:47:10 cu-cs-vm systemd[1]: Started Create Static Device Nodes in /dev.
Sep  6 15:47:10 cu-cs-vm systemd[1]: Starting udev Kernel Device Manager...
Sep  6 15:47:10 cu-cs-vm systemd[1]: Started udev Kernel Device Manager.
Sep  6 15:47:10 cu-cs-vm systemd[1]: Starting Remount Root and Kernel File Systems...
Sep  6 15:47:10 cu-cs-vm systemd[1]: Started Remount Root and Kernel File Systems.
Sep  6 15:47:10 cu-cs-vm systemd[1]: Reached target Local File Systems (Pre).
Sep  6 15:47:10 cu-cs-vm systemd[1]: Starting Load/Save Random Seed...
Sep  6 15:47:10 cu-cs-vm systemd[1]: Starting udev Coldplug all Devices...
Sep  6 15:47:10 cu-cs-vm systemd[1]: Starting Flush Journal to Persistent Storage...
Sep  6 15:47:10 cu-cs-vm systemd[1]: Started Load/Save Random Seed.
Sep  6 15:47:10 cu-cs-vm systemd[1]: Started Flush Journal to Persistent Storage.
Sep  6 15:47:10 cu-cs-vm systemd[1]: Started udev Coldplug all Devices.
Sep  6 15:47:10 cu-cs-vm systemd[1]: Started Dispatch Password Requests to Console Directory Watch.
Sep  6 15:47:10 cu-cs-vm mtp-probe: checking bus 1, device 2: "/sys/devices/pci0000:00/0000:00:06.0/usb1/1-1"
Sep  6 15:47:10 cu-cs-vm mtp-probe: bus: 1, device: 2 was not an MTP device
Sep  6 15:47:10 cu-cs-vm systemd-udevd[717]: Process '/lib/udev/hdparm' failed with exit code 5.
Sep  6 15:47:10 cu-cs-vm systemd[1]: Found device VBOX_HARDDISK 1.
Sep  6 15:47:10 cu-cs-vm systemd[1]: Starting File System Check on /dev/disk/by-uuid/7edb9fb6-5937-400b-b2d4-95dbf988ef57...
Sep  6 15:47:10 cu-cs-vm systemd[1]: Started File System Check Daemon to report status.
Sep  6 15:47:10 cu-cs-vm systemd[1]: Started File System Check on /dev/disk/by-uuid/7edb9fb6-5937-400b-b2d4-95dbf988ef57.
Sep  6 15:47:10 cu-cs-vm systemd[1]: Mounting /home...
Sep  6 15:47:10 cu-cs-vm systemd[1]: Mounted /home.
Sep  6 15:47:10 cu-cs-vm systemd[1]: Reached target Local File Systems.
Sep  6 15:47:10 cu-cs-vm systemd[1]: Starting Set console font and keymap...
Sep  6 15:47:10 cu-cs-vm systemd[1]: Starting LSB: AppArmor initialization...
Sep  6 15:47:10 cu-cs-vm systemd[1]: Starting Enable support for additional executable binary formats...
Sep  6 15:47:10 cu-cs-vm systemd[1]: Starting Tell Plymouth To Write Out Runtime Data...
Sep  6 15:47:10 cu-cs-vm systemd[1]: Starting Create Volatile Files and Directories...
Sep  6 15:47:10 cu-cs-vm systemd-tmpfiles[1224]: [/usr/lib/tmpfiles.d/var.conf:14] Duplicate line for path "/var/log", ignoring.
Sep  6 15:47:10 cu-cs-vm systemd[1]: proc-sys-fs-binfmt_misc.automount: Got automount request for /proc/sys/fs/binfmt_misc, triggered by 1222 (update-binfmts)
Sep  6 15:47:10 cu-cs-vm systemd[1]: Mounting Arbitrary Executable File Formats File System...
Sep  6 15:47:10 cu-cs-vm systemd[1]: Started Tell Plymouth To Write Out Runtime Data.
Sep  6 15:47:10 cu-cs-vm systemd[1]: Started Create Volatile Files and Directories.
Sep  6 15:47:10 cu-cs-vm systemd[1]: Mounted Arbitrary Executable File Formats File System.
Sep  6 15:47:10 cu-cs-vm systemd[1]: Started Enable support for additional executable binary formats.
Sep  6 15:47:10 cu-cs-vm apparmor[1221]:  * Starting AppArmor profiles
Sep  6 15:47:10 cu-cs-vm systemd[1]: Starting Update UTMP about System Boot/Shutdown...
Sep  6 15:47:10 cu-cs-vm systemd[1]: Reached target System Time Synchronized.
Sep  6 15:47:10 cu-cs-vm systemd[1]: Started Update UTMP about System Boot/Shutdown.
Sep  6 15:47:10 cu-cs-vm systemd[1]: Started Set console font and keymap.
Sep  6 15:47:10 cu-cs-vm systemd[1]: Created slice system-getty.slice.
Sep  6 15:47:10 cu-cs-vm apparmor[1221]: Skipping profile in /etc/apparmor.d/disable: usr.bin.firefox
Sep  6 15:47:10 cu-cs-vm apparmor[1221]: Skipping profile in /etc/apparmor.d/disable: usr.sbin.rsyslogd
Sep  6 15:47:10 cu-cs-vm apparmor[1221]:    ...done.
Sep  6 15:47:10 cu-cs-vm systemd[1]: Started LSB: AppArmor initialization.
Sep  6 15:47:10 cu-cs-vm systemd[1]: Starting Raise network interfaces...
Sep  6 15:47:10 cu-cs-vm systemd[1]: Reached target System Initialization.
Sep  6 15:47:10 cu-cs-vm systemd[1]: Listening on Avahi mDNS/DNS-SD Stack Activation Socket.
Sep  6 15:47:10 cu-cs-vm systemd[1]: Started Daily Cleanup of Temporary Directories.
Sep  6 15:47:10 cu-cs-vm systemd[1]: Starting Socket activation for snappy daemon.
Sep  6 15:47:10 cu-cs-vm systemd[1]: Started ACPI Events Check.
Sep  6 15:47:10 cu-cs-vm systemd[1]: Listening on D-Bus System Message Bus Socket.
Sep  6 15:47:10 cu-cs-vm systemd[1]: Started CUPS Scheduler.
Sep  6 15:47:10 cu-cs-vm systemd[1]: Listening on ACPID Listen Socket.
Sep  6 15:47:10 cu-cs-vm systemd[1]: Listening on CUPS Scheduler.
Sep  6 15:47:10 cu-cs-vm systemd[1]: snapd.refresh.timer: Adding 2h 50.102825s random time.
Sep  6 15:47:10 cu-cs-vm systemd[1]: snapd.refresh.timer: Adding 1h 13min 14.977859s random time.
Sep  6 15:47:10 cu-cs-vm systemd[1]: Started Timer to automatically refresh installed snaps.
Sep  6 15:47:10 cu-cs-vm systemd[1]: Listening on UUID daemon activation socket.
Sep  6 15:47:10 cu-cs-vm systemd[1]: apt-daily.timer: Adding 10h 49.952636s random time.
Sep  6 15:47:10 cu-cs-vm systemd[1]: Started Daily apt activities.
Sep  6 15:47:10 cu-cs-vm systemd[1]: Reached target Timers.
Sep  6 15:47:10 cu-cs-vm systemd[1]: Started Trigger resolvconf update for networkd DNS.
Sep  6 15:47:10 cu-cs-vm systemd[1]: Reached target Paths.
Sep  6 15:47:10 cu-cs-vm systemd[1]: Listening on Socket activation for snappy daemon.
Sep  6 15:47:10 cu-cs-vm systemd[1]: Listening on Load/Save RF Kill Switch Status /dev/rfkill Watch.
Sep  6 15:47:10 cu-cs-vm systemd[1]: Reached target Sockets.
Sep  6 15:47:10 cu-cs-vm systemd[1]: Reached target Basic System.
Sep  6 15:47:10 cu-cs-vm systemd[1]: Starting LSB: automatic crash report generation...
Sep  6 15:47:10 cu-cs-vm systemd[1]: Started ACPI event daemon.
Sep  6 15:47:10 cu-cs-vm systemd[1]: Starting vboxadd.service...
Sep  6 15:47:10 cu-cs-vm systemd[1]: Starting LSB: Speech Dispatcher...
Sep  6 15:47:10 cu-cs-vm systemd[1]: Starting System Logging Service...
Sep  6 15:47:10 cu-cs-vm systemd[1]: Started CUPS Scheduler.
Sep  6 15:47:10 cu-cs-vm systemd[1]: Starting Accounts Service...
Sep  6 15:47:10 cu-cs-vm vboxadd[1556]: vboxadd.sh: Starting the VirtualBox Guest Additions.
Sep  6 15:47:10 cu-cs-vm vboxadd.sh: Starting the VirtualBox Guest Additions.
Sep  6 15:47:10 cu-cs-vm rsyslogd-2039: Could not open output pipe '/dev/xconsole':: No such file or directory [v8.16.0 try http://www.rsyslog.com/e/2039 ]
Sep  6 15:47:10 cu-cs-vm rsyslogd-2007: action 'action 10' suspended, next retry is Tue Sep  6 15:47:40 2016 [v8.16.0 try http://www.rsyslog.com/e/2007 ]
Sep  6 15:47:10 cu-cs-vm kernel: [    0.000000] Initializing cgroup subsys cpuset
Sep  6 15:47:10 cu-cs-vm kernel: [    0.000000] Initializing cgroup subsys cpu
Sep  6 15:47:10 cu-cs-vm kernel: [    0.000000] Initializing cgroup subsys cpuacct
Sep  6 15:47:10 cu-cs-vm kernel: [    0.000000] Linux version 4.4.16homework (root@cu-cs-vm) (gcc version 5.4.0 20160609 (Ubuntu 5.4.0-6ubuntu1~16.04.2) ) #2 SMP Tue Sep 6 15:45:04 MDT 2016 (Ubuntu 4.4.0-34.53-generic 4.4.15)
Sep  6 15:47:10 cu-cs-vm kernel: [    0.000000] Command line: BOOT_IMAGE=/@/boot/vmlinuz-4.4.16homework root=UUID=7edb9fb6-5937-400b-b2d4-95dbf988ef57 ro rootflags=subvol=@ crashkernel=384M-:128M
Sep  6 15:47:10 cu-cs-vm kernel: [    0.000000] KERNEL supported cpus:
Sep  6 15:47:10 cu-cs-vm kernel: [    0.000000]   Intel GenuineIntel
Sep  6 15:47:10 cu-cs-vm kernel: [    0.000000]   AMD AuthenticAMD
Sep  6 15:47:10 cu-cs-vm kernel: [    0.000000]   Centaur CentaurHauls
Sep  6 15:47:10 cu-cs-vm kernel: [    0.000000] x86/fpu: xstate_offset[2]:  576, xstate_sizes[2]:  256
Sep  6 15:47:10 cu-cs-vm kernel: [    0.000000] x86/fpu: Supporting XSAVE feature 0x01: 'x87 floating point registers'
Sep  6 15:47:10 cu-cs-vm kernel: [    0.000000] x86/fpu: Supporting XSAVE feature 0x02: 'SSE registers'
Sep  6 15:47:10 cu-cs-vm kernel: [    0.000000] x86/fpu: Supporting XSAVE feature 0x04: 'AVX registers'
Sep  6 15:47:10 cu-cs-vm kernel: [    0.000000] x86/fpu: Enabled xstate features 0x7, context size is 832 bytes, using 'standard' format.
Sep  6 15:47:10 cu-cs-vm kernel: [    0.000000] x86/fpu: Using 'lazy' FPU context switches.
Sep  6 15:47:10 cu-cs-vm kernel: [    0.000000] e820: BIOS-provided physical RAM map:
Sep  6 15:47:10 cu-cs-vm kernel: [    0.000000] BIOS-e820: [mem 0x0000000000000000-0x000000000009fbff] usable
Sep  6 15:47:10 cu-cs-vm kernel: [    0.000000] BIOS-e820: [mem 0x000000000009fc00-0x000000000009ffff] reserved
Sep  6 15:47:10 cu-cs-vm kernel: [    0.000000] BIOS-e820: [mem 0x00000000000f0000-0x00000000000fffff] reserved
Sep  6 15:47:10 cu-cs-vm kernel: [    0.000000] BIOS-e820: [mem 0x0000000000100000-0x000000007ffeffff] usable
Sep  6 15:47:10 cu-cs-vm kernel: [    0.000000] BIOS-e820: [mem 0x000000007fff0000-0x000000007fffffff] ACPI data
Sep  6 15:47:10 cu-cs-vm kernel: [    0.000000] BIOS-e820: [mem 0x00000000fffc0000-0x00000000ffffffff] reserved
Sep  6 15:47:10 cu-cs-vm kernel: [    0.000000] NX (Execute Disable) protection: active
Sep  6 15:47:10 cu-cs-vm kernel: [    0.000000] SMBIOS 2.5 present.
Sep  6 15:47:10 cu-cs-vm kernel: [    0.000000] DMI: innotek GmbH VirtualBox/VirtualBox, BIOS VirtualBox 12/01/2006
Sep  6 15:47:10 cu-cs-vm kernel: [    0.000000] Hypervisor detected: KVM
Sep  6 15:47:10 cu-cs-vm kernel: [    0.000000] e820: update [mem 0x00000000-0x00000fff] usable ==> reserved
Sep  6 15:47:10 cu-cs-vm kernel: [    0.000000] e820: remove [mem 0x000a0000-0x000fffff] usable
Sep  6 15:47:10 cu-cs-vm kernel: [    0.000000] e820: last_pfn = 0x7fff0 max_arch_pfn = 0x400000000
Sep  6 15:47:10 cu-cs-vm kernel: [    0.000000] MTRR default type: uncachable
Sep  6 15:47:10 cu-cs-vm kernel: [    0.000000] MTRR variable ranges disabled:
Sep  6 15:47:10 cu-cs-vm kernel: [    0.000000] x86/PAT: Configuration [0-7]: WB  WC  UC- UC  WB  WC  UC- WT  
Sep  6 15:47:10 cu-cs-vm kernel: [    0.000000] MTRR: Disabled
Sep  6 15:47:10 cu-cs-vm kernel: [    0.000000] CPU MTRRs all blank - virtualized system.
Sep  6 15:47:10 cu-cs-vm kernel: [    0.000000] found SMP MP-table at [mem 0x0009fff0-0x0009ffff] mapped at [ffff88000009fff0]
Sep  6 15:47:10 cu-cs-vm kernel: [    0.000000] Scanning 1 areas for low memory corruption
Sep  6 15:47:10 cu-cs-vm kernel: [    0.000000] Base memory trampoline at [ffff880000099000] 99000 size 24576
Sep  6 15:47:10 cu-cs-vm kernel: [    0.000000] BRK [0x021fb000, 0x021fbfff] PGTABLE
Sep  6 15:47:10 cu-cs-vm kernel: [    0.000000] BRK [0x021fc000, 0x021fcfff] PGTABLE
Sep  6 15:47:10 cu-cs-vm kernel: [    0.000000] BRK [0x021fd000, 0x021fdfff] PGTABLE
Sep  6 15:47:10 cu-cs-vm kernel: [    0.000000] BRK [0x021fe000, 0x021fefff] PGTABLE
Sep  6 15:47:10 cu-cs-vm kernel: [    0.000000] BRK [0x021ff000, 0x021fffff] PGTABLE
Sep  6 15:47:10 cu-cs-vm kernel: [    0.000000] RAMDISK: [mem 0x33842000-0x35c18fff]
Sep  6 15:47:10 cu-cs-vm kernel: [    0.000000] ACPI: Early table checksum verification disabled
Sep  6 15:47:10 cu-cs-vm kernel: [    0.000000] ACPI: RSDP 0x00000000000E0000 000024 (v02 VBOX  )
Sep  6 15:47:10 cu-cs-vm kernel: [    0.000000] ACPI: XSDT 0x000000007FFF0030 00003C (v01 VBOX   VBOXXSDT 00000001 ASL  00000061)
Sep  6 15:47:10 cu-cs-vm kernel: [    0.000000] ACPI: FACP 0x000000007FFF00F0 0000F4 (v04 VBOX   VBOXFACP 00000001 ASL  00000061)
Sep  6 15:47:10 cu-cs-vm kernel: [    0.000000] ACPI: DSDT 0x000000007FFF0470 002118 (v01 VBOX   VBOXBIOS 00000002 INTL 20100528)
Sep  6 15:47:10 cu-cs-vm kernel: [    0.000000] ACPI: FACS 0x000000007FFF0200 000040
Sep  6 15:47:10 cu-cs-vm kernel: [    0.000000] ACPI: FACS 0x000000007FFF0200 000040
Sep  6 15:47:10 cu-cs-vm kernel: [    0.000000] ACPI: APIC 0x000000007FFF0240 00005C (v02 VBOX   VBOXAPIC 00000001 ASL  00000061)
Sep  6 15:47:10 cu-cs-vm kernel: [    0.000000] ACPI: SSDT 0x000000007FFF02A0 0001CC (v01 VBOX   VBOXCPUT 00000002 INTL 20100528)
Sep  6 15:47:10 cu-cs-vm kernel: [    0.000000] ACPI: Local APIC address 0xfee00000
Sep  6 15:47:10 cu-cs-vm kernel: [    0.000000] No NUMA configuration found
Sep  6 15:47:10 cu-cs-vm kernel: [    0.000000] Faking a node at [mem 0x0000000000000000-0x000000007ffeffff]
Sep  6 15:47:10 cu-cs-vm kernel: [    0.000000] NODE_DATA(0) allocated [mem 0x7ffeb000-0x7ffeffff]
Sep  6 15:47:10 cu-cs-vm kernel: [    0.000000] Reserving 128MB of memory at 688MB for crashkernel (System RAM: 2047MB)
Sep  6 15:47:10 cu-cs-vm kernel: [    0.000000] kvm-clock: Using msrs 4b564d01 and 4b564d00
Sep  6 15:47:10 cu-cs-vm kernel: [    0.000000] kvm-clock: cpu 0, msr 0:7ffe7001, primary cpu clock
Sep  6 15:47:10 cu-cs-vm kernel: [    0.000000] kvm-clock: using sched offset of 8200791815954 cycles
Sep  6 15:47:10 cu-cs-vm kernel: [    0.000000] clocksource: kvm-clock: mask: 0xffffffffffffffff max_cycles: 0x1cd42e4dffb, max_idle_ns: 881590591483 ns
Sep  6 15:47:10 cu-cs-vm kernel: [    0.000000] Zone ranges:
Sep  6 15:47:10 cu-cs-vm kernel: [    0.000000]   DMA      [mem 0x0000000000001000-0x0000000000ffffff]
Sep  6 15:47:10 cu-cs-vm kernel: [    0.000000]   DMA32    [mem 0x0000000001000000-0x000000007ffeffff]
Sep  6 15:47:10 cu-cs-vm kernel: [    0.000000]   Normal   empty
Sep  6 15:47:10 cu-cs-vm kernel: [    0.000000]   Device   empty
Sep  6 15:47:10 cu-cs-vm kernel: [    0.000000] Movable zone start for each node
Sep  6 15:47:10 cu-cs-vm kernel: [    0.000000] Early memory node ranges
Sep  6 15:47:10 cu-cs-vm kernel: [    0.000000]   node   0: [mem 0x0000000000001000-0x000000000009efff]
Sep  6 15:47:10 cu-cs-vm kernel: [    0.000000]   node   0: [mem 0x0000000000100000-0x000000007ffeffff]
Sep  6 15:47:10 cu-cs-vm kernel: [    0.000000] Initmem setup node 0 [mem 0x0000000000001000-0x000000007ffeffff]
Sep  6 15:47:10 cu-cs-vm kernel: [    0.000000] On node 0 totalpages: 524174
Sep  6 15:47:10 cu-cs-vm kernel: [    0.000000]   DMA zone: 64 pages used for memmap
Sep  6 15:47:10 cu-cs-vm kernel: [    0.000000]   DMA zone: 21 pages reserved
Sep  6 15:47:10 cu-cs-vm kernel: [    0.000000]   DMA zone: 3998 pages, LIFO batch:0
Sep  6 15:47:10 cu-cs-vm kernel: [    0.000000]   DMA32 zone: 8128 pages used for memmap
Sep  6 15:47:10 cu-cs-vm kernel: [    0.000000]   DMA32 zone: 520176 pages, LIFO batch:31
Sep  6 15:47:10 cu-cs-vm kernel: [    0.000000] ACPI: PM-Timer IO Port: 0x4008
Sep  6 15:47:10 cu-cs-vm kernel: [    0.000000] ACPI: Local APIC address 0xfee00000
Sep  6 15:47:10 cu-cs-vm kernel: [    0.000000] IOAPIC[0]: apic_id 2, version 17, address 0xfec00000, GSI 0-23
Sep  6 15:47:10 cu-cs-vm kernel: [    0.000000] ACPI: INT_SRC_OVR (bus 0 bus_irq 0 global_irq 2 dfl dfl)
Sep  6 15:47:10 cu-cs-vm kernel: [    0.000000] ACPI: INT_SRC_OVR (bus 0 bus_irq 9 global_irq 9 high level)
Sep  6 15:47:10 cu-cs-vm kernel: [    0.000000] ACPI: IRQ0 used by override.
Sep  6 15:47:10 cu-cs-vm kernel: [    0.000000] ACPI: IRQ9 used by override.
Sep  6 15:47:10 cu-cs-vm kernel: [    0.000000] Using ACPI (MADT) for SMP configuration information
Sep  6 15:47:10 cu-cs-vm kernel: [    0.000000] smpboot: Allowing 2 CPUs, 0 hotplug CPUs
Sep  6 15:47:10 cu-cs-vm kernel: [    0.000000] PM: Registered nosave memory: [mem 0x00000000-0x00000fff]
Sep  6 15:47:10 cu-cs-vm kernel: [    0.000000] PM: Registered nosave memory: [mem 0x0009f000-0x0009ffff]
Sep  6 15:47:10 cu-cs-vm kernel: [    0.000000] PM: Registered nosave memory: [mem 0x000a0000-0x000effff]
Sep  6 15:47:10 cu-cs-vm kernel: [    0.000000] PM: Registered nosave memory: [mem 0x000f0000-0x000fffff]
Sep  6 15:47:10 cu-cs-vm kernel: [    0.000000] e820: [mem 0x80000000-0xfffbffff] available for PCI devices
Sep  6 15:47:10 cu-cs-vm kernel: [    0.000000] Booting paravirtualized kernel on KVM
Sep  6 15:47:10 cu-cs-vm kernel: [    0.000000] clocksource: refined-jiffies: mask: 0xffffffff max_cycles: 0xffffffff, max_idle_ns: 7645519600211568 ns
Sep  6 15:47:10 cu-cs-vm kernel: [    0.000000] setup_percpu: NR_CPUS:256 nr_cpumask_bits:256 nr_cpu_ids:2 nr_node_ids:1
Sep  6 15:47:10 cu-cs-vm kernel: [    0.000000] PERCPU: Embedded 33 pages/cpu @ffff88007fc00000 s97944 r8192 d29032 u1048576
Sep  6 15:47:10 cu-cs-vm kernel: [    0.000000] pcpu-alloc: s97944 r8192 d29032 u1048576 alloc=1*2097152
Sep  6 15:47:10 cu-cs-vm kernel: [    0.000000] pcpu-alloc: [0] 0 1 
Sep  6 15:47:10 cu-cs-vm kernel: [    0.000000] PV qspinlock hash table entries: 256 (order: 0, 4096 bytes)
Sep  6 15:47:10 cu-cs-vm kernel: [    0.000000] Built 1 zonelists in Node order, mobility grouping on.  Total pages: 515961
Sep  6 15:47:10 cu-cs-vm kernel: [    0.000000] Policy zone: DMA32
Sep  6 15:47:10 cu-cs-vm kernel: [    0.000000] Kernel command line: BOOT_IMAGE=/@/boot/vmlinuz-4.4.16homework root=UUID=7edb9fb6-5937-400b-b2d4-95dbf988ef57 ro rootflags=subvol=@ crashkernel=384M-:128M
Sep  6 15:47:10 cu-cs-vm kernel: [    0.000000] PID hash table entries: 4096 (order: 3, 32768 bytes)
Sep  6 15:47:10 cu-cs-vm kernel: [    0.000000] Calgary: detecting Calgary via BIOS EBDA area
Sep  6 15:47:10 cu-cs-vm kernel: [    0.000000] Calgary: Unable to locate Rio Grande table in EBDA - bailing!
Sep  6 15:47:10 cu-cs-vm kernel: [    0.000000] Memory: 1877080K/2096696K available (8209K kernel code, 1269K rwdata, 3792K rodata, 1472K init, 1292K bss, 219616K reserved, 0K cma-reserved)
Sep  6 15:47:10 cu-cs-vm kernel: [    0.000000] SLUB: HWalign=64, Order=0-3, MinObjects=0, CPUs=2, Nodes=1
Sep  6 15:47:10 cu-cs-vm kernel: [    0.000000] Hierarchical RCU implementation.
Sep  6 15:47:10 cu-cs-vm kernel: [    0.000000] 	Build-time adjustment of leaf fanout to 64.
Sep  6 15:47:10 cu-cs-vm kernel: [    0.000000] 	RCU restricting CPUs from NR_CPUS=256 to nr_cpu_ids=2.
Sep  6 15:47:10 cu-cs-vm kernel: [    0.000000] RCU: Adjusting geometry for rcu_fanout_leaf=64, nr_cpu_ids=2
Sep  6 15:47:10 cu-cs-vm kernel: [    0.000000] NR_IRQS:16640 nr_irqs:440 16
Sep  6 15:47:10 cu-cs-vm kernel: [    0.000000] Console: colour VGA+ 80x25
Sep  6 15:47:10 cu-cs-vm kernel: [    0.000000] console [tty0] enabled
Sep  6 15:47:10 cu-cs-vm kernel: [    0.000000] tsc: Detected 2000.000 MHz processor
Sep  6 15:47:10 cu-cs-vm kernel: [    0.095699] Calibrating delay loop (skipped) preset value.. 4000.00 BogoMIPS (lpj=8000000)
Sep  6 15:47:10 cu-cs-vm kernel: [    0.097087] pid_max: default: 32768 minimum: 301
Sep  6 15:47:10 cu-cs-vm kernel: [    0.097860] ACPI: Core revision 20150930
Sep  6 15:47:10 cu-cs-vm kernel: [    0.099827] ACPI: 2 ACPI AML tables successfully acquired and loaded
Sep  6 15:47:10 cu-cs-vm kernel: [    0.100512] Security Framework initialized
Sep  6 15:47:10 cu-cs-vm kernel: [    0.100973] Yama: becoming mindful.
Sep  6 15:47:10 cu-cs-vm kernel: [    0.101497] AppArmor: AppArmor initialized
Sep  6 15:47:10 cu-cs-vm kernel: [    0.103640] Dentry cache hash table entries: 262144 (order: 9, 2097152 bytes)
Sep  6 15:47:10 cu-cs-vm kernel: [    0.105761] Inode-cache hash table entries: 131072 (order: 8, 1048576 bytes)
Sep  6 15:47:10 cu-cs-vm kernel: [    0.107293] Mount-cache hash table entries: 4096 (order: 3, 32768 bytes)
Sep  6 15:47:10 cu-cs-vm kernel: [    0.107910] Mountpoint-cache hash table entries: 4096 (order: 3, 32768 bytes)
Sep  6 15:47:10 cu-cs-vm kernel: [    0.109070] Initializing cgroup subsys io
Sep  6 15:47:10 cu-cs-vm kernel: [    0.109556] Initializing cgroup subsys memory
Sep  6 15:47:10 cu-cs-vm kernel: [    0.110031] Initializing cgroup subsys devices
Sep  6 15:47:10 cu-cs-vm kernel: [    0.110505] Initializing cgroup subsys freezer
Sep  6 15:47:10 cu-cs-vm kernel: [    0.110979] Initializing cgroup subsys net_cls
Sep  6 15:47:10 cu-cs-vm kernel: [    0.111498] Initializing cgroup subsys perf_event
Sep  6 15:47:10 cu-cs-vm kernel: [    0.111980] Initializing cgroup subsys net_prio
Sep  6 15:47:10 cu-cs-vm kernel: [    0.112458] Initializing cgroup subsys hugetlb
Sep  6 15:47:10 cu-cs-vm kernel: [    0.112936] Initializing cgroup subsys pids
Sep  6 15:47:10 cu-cs-vm kernel: [    0.113502] CPU: Physical Processor ID: 0
Sep  6 15:47:10 cu-cs-vm kernel: [    0.113960] CPU: Processor Core ID: 0
Sep  6 15:47:10 cu-cs-vm kernel: [    0.115432] mce: CPU supports 0 MCE banks
Sep  6 15:47:10 cu-cs-vm kernel: [    0.116010] Last level iTLB entries: 4KB 1024, 2MB 1024, 4MB 1024
Sep  6 15:47:10 cu-cs-vm kernel: [    0.116680] Last level dTLB entries: 4KB 1024, 2MB 1024, 4MB 1024, 1GB 4
Sep  6 15:47:10 cu-cs-vm kernel: [    0.121155] Freeing SMP alternatives memory: 28K (ffffffff820af000 - ffffffff820b6000)
Sep  6 15:47:10 cu-cs-vm kernel: [    0.131949] ftrace: allocating 31243 entries in 123 pages
Sep  6 15:47:10 cu-cs-vm kernel: [    0.180458] smpboot: Max logical packages: 1
Sep  6 15:47:10 cu-cs-vm kernel: [    0.180885] smpboot: APIC(0) Converting physical 0 to logical package 0
Sep  6 15:47:10 cu-cs-vm kernel: [    0.182735] ..TIMER: vector=0x30 apic1=0 pin1=2 apic2=-1 pin2=-1
Sep  6 15:47:10 cu-cs-vm kernel: [    0.291047] smpboot: CPU0: Intel(R) Core(TM) i5-4260U CPU @ 1.40GHz (family: 0x6, model: 0x45, stepping: 0x1)
Sep  6 15:47:10 cu-cs-vm kernel: [    0.292039] Performance Events: unsupported p6 CPU model 69 no PMU driver, software events only.
Sep  6 15:47:10 cu-cs-vm kernel: [    0.292976] KVM setup paravirtual spinlock
Sep  6 15:47:10 cu-cs-vm kernel: [    0.294037] x86: Booting SMP configuration:
Sep  6 15:47:10 cu-cs-vm kernel: [    0.294449] .... node  #0, CPUs:      #1
Sep  6 15:47:10 cu-cs-vm kernel: [    0.295024] kvm-clock: cpu 1, msr 0:7ffe7041, secondary cpu clock
Sep  6 15:47:10 cu-cs-vm kernel: [    0.296191] mce: CPU supports 0 MCE banks
Sep  6 15:47:10 cu-cs-vm kernel: [    0.298325] x86: Booted up 1 node, 2 CPUs
Sep  6 15:47:10 cu-cs-vm kernel: [    0.300417] smpboot: Total of 2 processors activated (8000.00 BogoMIPS)
Sep  6 15:47:10 cu-cs-vm kernel: [    0.301550] devtmpfs: initialized
Sep  6 15:47:10 cu-cs-vm kernel: [    0.303820] evm: security.selinux
Sep  6 15:47:10 cu-cs-vm kernel: [    0.304203] evm: security.SMACK64
Sep  6 15:47:10 cu-cs-vm kernel: [    0.304581] evm: security.SMACK64EXEC
Sep  6 15:47:10 cu-cs-vm kernel: [    0.305003] evm: security.SMACK64TRANSMUTE
Sep  6 15:47:10 cu-cs-vm kernel: [    0.305406] evm: security.SMACK64MMAP
Sep  6 15:47:10 cu-cs-vm kernel: [    0.305795] evm: security.ima
Sep  6 15:47:10 cu-cs-vm kernel: [    0.306162] evm: security.capability
Sep  6 15:47:10 cu-cs-vm kernel: [    0.306907] clocksource: jiffies: mask: 0xffffffff max_cycles: 0xffffffff, max_idle_ns: 7645041785100000 ns
Sep  6 15:47:10 cu-cs-vm kernel: [    0.308042] pinctrl core: initialized pinctrl subsystem
Sep  6 15:47:10 cu-cs-vm kernel: [    0.308615] RTC time: 21:47:05, date: 09/06/16
Sep  6 15:47:10 cu-cs-vm kernel: [    0.309106] NET: Registered protocol family 16
Sep  6 15:47:10 cu-cs-vm kernel: [    0.318958] cpuidle: using governor ladder
Sep  6 15:47:10 cu-cs-vm kernel: [    0.331702] cpuidle: using governor menu
Sep  6 15:47:10 cu-cs-vm kernel: [    0.332516] PCCT header not found.
Sep  6 15:47:10 cu-cs-vm kernel: [    0.334124] ACPI: bus type PCI registered
Sep  6 15:47:10 cu-cs-vm kernel: [    0.334989] acpiphp: ACPI Hot Plug PCI Controller Driver version: 0.5
Sep  6 15:47:10 cu-cs-vm kernel: [    0.336153] PCI: Using configuration type 1 for base access
Sep  6 15:47:10 cu-cs-vm kernel: [    0.351364] ACPI: Added _OSI(Module Device)
Sep  6 15:47:10 cu-cs-vm kernel: [    0.352558] ACPI: Added _OSI(Processor Device)
Sep  6 15:47:10 cu-cs-vm kernel: [    0.354356] ACPI: Added _OSI(3.0 _SCP Extensions)
Sep  6 15:47:10 cu-cs-vm kernel: [    0.355452] ACPI: Added _OSI(Processor Aggregator Device)
Sep  6 15:47:10 cu-cs-vm kernel: [    0.357042] ACPI: Executed 1 blocks of module-level executable AML code
Sep  6 15:47:10 cu-cs-vm kernel: [    0.360755] ACPI: Interpreter enabled
Sep  6 15:47:10 cu-cs-vm kernel: [    0.361209] ACPI Exception: AE_NOT_FOUND, While evaluating Sleep State [\_S1_] (20150930/hwxface-580)
Sep  6 15:47:10 cu-cs-vm kernel: [    0.362109] ACPI Exception: AE_NOT_FOUND, While evaluating Sleep State [\_S2_] (20150930/hwxface-580)
Sep  6 15:47:10 cu-cs-vm kernel: [    0.363039] ACPI Exception: AE_NOT_FOUND, While evaluating Sleep State [\_S3_] (20150930/hwxface-580)
Sep  6 15:47:10 cu-cs-vm kernel: [    0.363973] ACPI Exception: AE_NOT_FOUND, While evaluating Sleep State [\_S4_] (20150930/hwxface-580)
Sep  6 15:47:10 cu-cs-vm kernel: [    0.364873] ACPI: (supports S0 S5)
Sep  6 15:47:10 cu-cs-vm kernel: [    0.365281] ACPI: Using IOAPIC for interrupt routing
Sep  6 15:47:10 cu-cs-vm kernel: [    0.365858] PCI: Using host bridge windows from ACPI; if necessary, use "pci=nocrs" and report a bug
Sep  6 15:47:10 cu-cs-vm kernel: [    0.373762] ACPI: PCI Root Bridge [PCI0] (domain 0000 [bus 00-ff])
Sep  6 15:47:10 cu-cs-vm kernel: [    0.374307] acpi PNP0A03:00: _OSC: OS supports [ASPM ClockPM Segments MSI]
Sep  6 15:47:10 cu-cs-vm kernel: [    0.374839] acpi PNP0A03:00: _OSC failed (AE_NOT_FOUND); disabling ASPM
Sep  6 15:47:10 cu-cs-vm kernel: [    0.375378] acpi PNP0A03:00: fail to add MMCONFIG information, can't access extended PCI configuration space under this bridge.
Sep  6 15:47:10 cu-cs-vm kernel: [    0.376540] PCI host bridge to bus 0000:00
Sep  6 15:47:10 cu-cs-vm kernel: [    0.376950] pci_bus 0000:00: root bus resource [io  0x0000-0x0cf7 window]
Sep  6 15:47:10 cu-cs-vm kernel: [    0.377443] pci_bus 0000:00: root bus resource [io  0x0d00-0xffff window]
Sep  6 15:47:10 cu-cs-vm kernel: [    0.377936] pci_bus 0000:00: root bus resource [mem 0x000a0000-0x000bffff window]
Sep  6 15:47:10 cu-cs-vm kernel: [    0.378678] pci_bus 0000:00: root bus resource [mem 0x80000000-0xffdfffff window]
Sep  6 15:47:10 cu-cs-vm kernel: [    0.379467] pci_bus 0000:00: root bus resource [bus 00-ff]
Sep  6 15:47:10 cu-cs-vm kernel: [    0.379966] pci 0000:00:00.0: [8086:1237] type 00 class 0x060000
Sep  6 15:47:10 cu-cs-vm kernel: [    0.380508] pci 0000:00:01.0: [8086:7000] type 00 class 0x060100
Sep  6 15:47:10 cu-cs-vm kernel: [    0.381188] pci 0000:00:02.0: [80ee:beef] type 00 class 0x030000
Sep  6 15:47:10 cu-cs-vm kernel: [    0.387346] pci 0000:00:02.0: reg 0x10: [mem 0xe0000000-0xe3ffffff pref]
Sep  6 15:47:10 cu-cs-vm kernel: [    0.411130] pci 0000:00:03.0: [8086:100e] type 00 class 0x020000
Sep  6 15:47:10 cu-cs-vm kernel: [    0.412570] pci 0000:00:03.0: reg 0x10: [mem 0xf0000000-0xf001ffff]
Sep  6 15:47:10 cu-cs-vm kernel: [    0.415314] pci 0000:00:03.0: reg 0x18: [io  0xd000-0xd007]
Sep  6 15:47:10 cu-cs-vm kernel: [    0.421234] pci 0000:00:04.0: [80ee:cafe] type 00 class 0x088000
Sep  6 15:47:10 cu-cs-vm kernel: [    0.422599] pci 0000:00:04.0: reg 0x10: [io  0xd020-0xd03f]
Sep  6 15:47:10 cu-cs-vm kernel: [    0.423950] pci 0000:00:04.0: reg 0x14: [mem 0xf0400000-0xf07fffff]
Sep  6 15:47:10 cu-cs-vm kernel: [    0.425263] pci 0000:00:04.0: reg 0x18: [mem 0xf0800000-0xf0803fff pref]
Sep  6 15:47:10 cu-cs-vm kernel: [    0.431043] pci 0000:00:05.0: [8086:2415] type 00 class 0x040100
Sep  6 15:47:10 cu-cs-vm kernel: [    0.431175] pci 0000:00:05.0: reg 0x10: [io  0xd100-0xd1ff]
Sep  6 15:47:10 cu-cs-vm kernel: [    0.431245] pci 0000:00:05.0: reg 0x14: [io  0xd200-0xd23f]
Sep  6 15:47:10 cu-cs-vm kernel: [    0.431816] pci 0000:00:06.0: [106b:003f] type 00 class 0x0c0310
Sep  6 15:47:10 cu-cs-vm kernel: [    0.433182] pci 0000:00:06.0: reg 0x10: [mem 0xf0804000-0xf0804fff]
Sep  6 15:47:10 cu-cs-vm kernel: [    0.441513] pci 0000:00:07.0: [8086:7113] type 00 class 0x068000
Sep  6 15:47:10 cu-cs-vm kernel: [    0.442440] pci 0000:00:0d.0: [8086:2829] type 00 class 0x010601
Sep  6 15:47:10 cu-cs-vm kernel: [    0.443877] pci 0000:00:0d.0: reg 0x10: [io  0xd240-0xd247]
Sep  6 15:47:10 cu-cs-vm kernel: [    0.446388] pci 0000:00:0d.0: reg 0x18: [io  0xd250-0xd257]
Sep  6 15:47:10 cu-cs-vm kernel: [    0.449248] pci 0000:00:0d.0: reg 0x20: [io  0xd260-0xd26f]
Sep  6 15:47:10 cu-cs-vm kernel: [    0.450531] pci 0000:00:0d.0: reg 0x24: [mem 0xf0806000-0xf0807fff]
Sep  6 15:47:10 cu-cs-vm kernel: [    0.454070] ACPI: PCI Interrupt Link [LNKA] (IRQs 5 9 10 *11)
Sep  6 15:47:10 cu-cs-vm kernel: [    0.466648] ACPI: PCI Interrupt Link [LNKB] (IRQs 5 9 10 *11)
Sep  6 15:47:10 cu-cs-vm kernel: [    0.467555] ACPI: PCI Interrupt Link [LNKC] (IRQs 5 9 *10 11)
Sep  6 15:47:10 cu-cs-vm kernel: [    0.468426] ACPI: PCI Interrupt Link [LNKD] (IRQs 5 *9 10 11)
Sep  6 15:47:10 cu-cs-vm kernel: [    0.469345] ACPI: Enabled 2 GPEs in block 00 to 07
Sep  6 15:47:10 cu-cs-vm kernel: [    0.470279] vgaarb: setting as boot device: PCI:0000:00:02.0
Sep  6 15:47:10 cu-cs-vm kernel: [    0.470763] vgaarb: device added: PCI:0000:00:02.0,decodes=io+mem,owns=io+mem,locks=none
Sep  6 15:47:10 cu-cs-vm kernel: [    0.471560] vgaarb: loaded
Sep  6 15:47:10 cu-cs-vm kernel: [    0.471919] vgaarb: bridge control possible 0000:00:02.0
Sep  6 15:47:10 cu-cs-vm kernel: [    0.472632] SCSI subsystem initialized
Sep  6 15:47:10 cu-cs-vm kernel: [    0.473595] libata version 3.00 loaded.
Sep  6 15:47:10 cu-cs-vm kernel: [    0.473651] ACPI: bus type USB registered
Sep  6 15:47:10 cu-cs-vm kernel: [    0.474157] usbcore: registered new interface driver usbfs
Sep  6 15:47:10 cu-cs-vm kernel: [    0.474787] usbcore: registered new interface driver hub
Sep  6 15:47:10 cu-cs-vm kernel: [    0.475789] usbcore: registered new device driver usb
Sep  6 15:47:10 cu-cs-vm kernel: [    0.476913] PCI: Using ACPI for IRQ routing
Sep  6 15:47:10 cu-cs-vm kernel: [    0.477338] PCI: pci_cache_line_size set to 64 bytes
Sep  6 15:47:10 cu-cs-vm kernel: [    0.477513] e820: reserve RAM buffer [mem 0x0009fc00-0x0009ffff]
Sep  6 15:47:10 cu-cs-vm kernel: [    0.477518] e820: reserve RAM buffer [mem 0x7fff0000-0x7fffffff]
Sep  6 15:47:10 cu-cs-vm kernel: [    0.477652] NetLabel: Initializing
Sep  6 15:47:10 cu-cs-vm kernel: [    0.478039] NetLabel:  domain hash size = 128
Sep  6 15:47:10 cu-cs-vm kernel: [    0.478519] NetLabel:  protocols = UNLABELED CIPSOv4
Sep  6 15:47:10 cu-cs-vm kernel: [    0.479016] NetLabel:  unlabeled traffic allowed by default
Sep  6 15:47:10 cu-cs-vm kernel: [    0.479757] amd_nb: Cannot enumerate AMD northbridges
Sep  6 15:47:10 cu-cs-vm kernel: [    0.480279] clocksource: Switched to clocksource kvm-clock
Sep  6 15:47:10 cu-cs-vm kernel: [    0.489665] AppArmor: AppArmor Filesystem Enabled
Sep  6 15:47:10 cu-cs-vm kernel: [    0.490236] pnp: PnP ACPI init
Sep  6 15:47:10 cu-cs-vm kernel: [    0.490716] pnp 00:00: Plug and Play ACPI device, IDs PNP0303 (active)
Sep  6 15:47:10 cu-cs-vm kernel: [    0.490786] pnp 00:01: Plug and Play ACPI device, IDs PNP0f03 (active)
Sep  6 15:47:10 cu-cs-vm kernel: [    0.491677] pnp: PnP ACPI: found 2 devices
Sep  6 15:47:10 cu-cs-vm kernel: [    0.513360] clocksource: acpi_pm: mask: 0xffffff max_cycles: 0xffffff, max_idle_ns: 2085701024 ns
Sep  6 15:47:10 cu-cs-vm kernel: [    0.514164] pci_bus 0000:00: resource 4 [io  0x0000-0x0cf7 window]
Sep  6 15:47:10 cu-cs-vm kernel: [    0.514167] pci_bus 0000:00: resource 5 [io  0x0d00-0xffff window]
Sep  6 15:47:10 cu-cs-vm kernel: [    0.514168] pci_bus 0000:00: resource 6 [mem 0x000a0000-0x000bffff window]
Sep  6 15:47:10 cu-cs-vm kernel: [    0.514170] pci_bus 0000:00: resource 7 [mem 0x80000000-0xffdfffff window]
Sep  6 15:47:10 cu-cs-vm kernel: [    0.514201] NET: Registered protocol family 2
Sep  6 15:47:10 cu-cs-vm kernel: [    0.515349] TCP established hash table entries: 16384 (order: 5, 131072 bytes)
Sep  6 15:47:10 cu-cs-vm kernel: [    0.516507] TCP bind hash table entries: 16384 (order: 6, 262144 bytes)
Sep  6 15:47:10 cu-cs-vm kernel: [    0.517389] TCP: Hash tables configured (established 16384 bind 16384)
Sep  6 15:47:10 cu-cs-vm kernel: [    0.518077] UDP hash table entries: 1024 (order: 3, 32768 bytes)
Sep  6 15:47:10 cu-cs-vm kernel: [    0.518597] UDP-Lite hash table entries: 1024 (order: 3, 32768 bytes)
Sep  6 15:47:10 cu-cs-vm kernel: [    0.519133] NET: Registered protocol family 1
Sep  6 15:47:10 cu-cs-vm kernel: [    0.519560] pci 0000:00:00.0: Limiting direct PCI/PCI transfers
Sep  6 15:47:10 cu-cs-vm kernel: [    0.520403] pci 0000:00:01.0: Activating ISA DMA hang workarounds
Sep  6 15:47:10 cu-cs-vm kernel: [    0.521354] pci 0000:00:02.0: Video device with shadowed ROM
Sep  6 15:47:10 cu-cs-vm kernel: [    0.523539] PCI: CLS 0 bytes, default 64
Sep  6 15:47:10 cu-cs-vm kernel: [    0.523651] Trying to unpack rootfs image as initramfs...
Sep  6 15:47:10 cu-cs-vm kernel: [    1.064086] Freeing initrd memory: 36700K (ffff880033842000 - ffff880035c19000)
Sep  6 15:47:10 cu-cs-vm kernel: [    1.065272] RAPL PMU detected, API unit is 2^-32 Joules, 4 fixed counters 10737418240 ms ovfl timer
Sep  6 15:47:10 cu-cs-vm kernel: [    1.066416] hw unit of domain pp0-core 2^-0 Joules
Sep  6 15:47:10 cu-cs-vm kernel: [    1.066940] hw unit of domain package 2^-0 Joules
Sep  6 15:47:10 cu-cs-vm kernel: [    1.067418] hw unit of domain dram 2^-0 Joules
Sep  6 15:47:10 cu-cs-vm kernel: [    1.067859] hw unit of domain pp1-gpu 2^-0 Joules
Sep  6 15:47:10 cu-cs-vm kernel: [    1.068427] platform rtc_cmos: registered platform RTC device (no PNP device found)
Sep  6 15:47:10 cu-cs-vm kernel: [    1.069411] Scanning for low memory corruption every 60 seconds
Sep  6 15:47:10 cu-cs-vm kernel: [    1.071217] futex hash table entries: 512 (order: 3, 32768 bytes)
Sep  6 15:47:10 cu-cs-vm kernel: [    1.071808] audit: initializing netlink subsys (disabled)
Sep  6 15:47:10 cu-cs-vm kernel: [    1.072282] audit: type=2000 audit(1473206628.912:1): initialized
Sep  6 15:47:10 cu-cs-vm kernel: [    1.073094] Initialise system trusted keyring
Sep  6 15:47:10 cu-cs-vm kernel: [    1.073954] HugeTLB registered 2 MB page size, pre-allocated 0 pages
Sep  6 15:47:10 cu-cs-vm kernel: [    1.075779] zbud: loaded
Sep  6 15:47:10 cu-cs-vm kernel: [    1.076473] VFS: Disk quotas dquot_6.6.0
Sep  6 15:47:10 cu-cs-vm kernel: [    1.076905] VFS: Dquot-cache hash table entries: 512 (order 0, 4096 bytes)
Sep  6 15:47:10 cu-cs-vm kernel: [    1.077626] squashfs: version 4.0 (2009/01/31) Phillip Lougher
Sep  6 15:47:10 cu-cs-vm kernel: [    1.078596] fuse init (API version 7.23)
Sep  6 15:47:10 cu-cs-vm kernel: [    1.079300] Key type big_key registered
Sep  6 15:47:10 cu-cs-vm kernel: [    1.079725] Allocating IMA MOK and blacklist keyrings.
Sep  6 15:47:10 cu-cs-vm kernel: [    1.086106] Key type asymmetric registered
Sep  6 15:47:10 cu-cs-vm kernel: [    1.086767] Asymmetric key parser 'x509' registered
Sep  6 15:47:10 cu-cs-vm kernel: [    1.087670] Block layer SCSI generic (bsg) driver version 0.4 loaded (major 249)
Sep  6 15:47:10 cu-cs-vm kernel: [    1.089410] io scheduler noop registered
Sep  6 15:47:10 cu-cs-vm kernel: [    1.090521] io scheduler deadline registered (default)
Sep  6 15:47:10 cu-cs-vm kernel: [    1.091081] io scheduler cfq registered
Sep  6 15:47:10 cu-cs-vm kernel: [    1.091635] pci_hotplug: PCI Hot Plug PCI Core version: 0.5
Sep  6 15:47:10 cu-cs-vm kernel: [    1.092149] pciehp: PCI Express Hot Plug Controller Driver version: 0.4
Sep  6 15:47:10 cu-cs-vm kernel: [    1.092805] intel_idle: does not run on family 6 model 69
Sep  6 15:47:10 cu-cs-vm kernel: [    1.093231] ACPI: AC Adapter [AC] (on-line)
Sep  6 15:47:10 cu-cs-vm kernel: [    1.094059] input: Power Button as /devices/LNXSYSTM:00/LNXPWRBN:00/input/input0
Sep  6 15:47:10 cu-cs-vm kernel: [    1.095201] ACPI: Power Button [PWRF]
Sep  6 15:47:10 cu-cs-vm kernel: [    1.095938] input: Sleep Button as /devices/LNXSYSTM:00/LNXSLPBN:00/input/input1
Sep  6 15:47:10 cu-cs-vm kernel: [    1.096883] ACPI: Sleep Button [SLPF]
Sep  6 15:47:10 cu-cs-vm kernel: [    1.097732] GHES: HEST is not enabled!
Sep  6 15:47:10 cu-cs-vm kernel: [    1.098972] ACPI: Battery Slot [BAT0] (battery present)
Sep  6 15:47:10 cu-cs-vm kernel: [    1.099632] Serial: 8250/16550 driver, 32 ports, IRQ sharing enabled
Sep  6 15:47:10 cu-cs-vm kernel: [    1.110035] Linux agpgart interface v0.103
Sep  6 15:47:10 cu-cs-vm kernel: [    1.119007] brd: module loaded
Sep  6 15:47:10 cu-cs-vm kernel: [    1.124853] loop: module loaded
Sep  6 15:47:10 cu-cs-vm kernel: [    1.125621] libphy: Fixed MDIO Bus: probed
Sep  6 15:47:10 cu-cs-vm kernel: [    1.126408] tun: Universal TUN/TAP device driver, 1.6
Sep  6 15:47:10 cu-cs-vm kernel: [    1.126992] tun: (C) 1999-2004 Max Krasnyansky <maxk@qualcomm.com>
Sep  6 15:47:10 cu-cs-vm kernel: [    1.127775] PPP generic driver version 2.4.2
Sep  6 15:47:10 cu-cs-vm kernel: [    1.128453] ehci_hcd: USB 2.0 'Enhanced' Host Controller (EHCI) Driver
Sep  6 15:47:10 cu-cs-vm kernel: [    1.128945] ehci-pci: EHCI PCI platform driver
Sep  6 15:47:10 cu-cs-vm kernel: [    1.129370] ehci-platform: EHCI generic platform driver
Sep  6 15:47:10 cu-cs-vm kernel: [    1.129841] ohci_hcd: USB 1.1 'Open' Host Controller (OHCI) Driver
Sep  6 15:47:10 cu-cs-vm kernel: [    1.130315] ohci-pci: OHCI PCI platform driver
Sep  6 15:47:10 cu-cs-vm kernel: [    1.131281] ohci-pci 0000:00:06.0: OHCI PCI host controller
Sep  6 15:47:10 cu-cs-vm kernel: [    1.131741] ohci-pci 0000:00:06.0: new USB bus registered, assigned bus number 1
Sep  6 15:47:10 cu-cs-vm kernel: [    1.132645] ohci-pci 0000:00:06.0: irq 22, io mem 0xf0804000
Sep  6 15:47:10 cu-cs-vm kernel: [    1.191101] usb usb1: New USB device found, idVendor=1d6b, idProduct=0001
Sep  6 15:47:10 cu-cs-vm kernel: [    1.192065] usb usb1: New USB device strings: Mfr=3, Product=2, SerialNumber=1
Sep  6 15:47:10 cu-cs-vm kernel: [    1.193517] usb usb1: Product: OHCI PCI host controller
Sep  6 15:47:10 cu-cs-vm kernel: [    1.194428] usb usb1: Manufacturer: Linux 4.4.16homework ohci_hcd
Sep  6 15:47:10 cu-cs-vm kernel: [    1.195332] usb usb1: SerialNumber: 0000:00:06.0
Sep  6 15:47:10 cu-cs-vm kernel: [    1.196461] hub 1-0:1.0: USB hub found
Sep  6 15:47:10 cu-cs-vm kernel: [    1.197041] hub 1-0:1.0: 12 ports detected
Sep  6 15:47:10 cu-cs-vm kernel: [    1.198111] ohci-platform: OHCI generic platform driver
Sep  6 15:47:10 cu-cs-vm kernel: [    1.198726] uhci_hcd: USB Universal Host Controller Interface driver
Sep  6 15:47:10 cu-cs-vm kernel: [    1.199451] i8042: PNP: PS/2 Controller [PNP0303:PS2K,PNP0f03:PS2M] at 0x60,0x64 irq 1,12
Sep  6 15:47:10 cu-cs-vm kernel: [    1.201087] serio: i8042 KBD port at 0x60,0x64 irq 1
Sep  6 15:47:10 cu-cs-vm kernel: [    1.201677] serio: i8042 AUX port at 0x60,0x64 irq 12
Sep  6 15:47:10 cu-cs-vm kernel: [    1.202678] mousedev: PS/2 mouse device common for all mice
Sep  6 15:47:10 cu-cs-vm kernel: [    1.212331] input: AT Translated Set 2 keyboard as /devices/platform/i8042/serio0/input/input2
Sep  6 15:47:10 cu-cs-vm kernel: [    1.215438] rtc_cmos rtc_cmos: rtc core: registered rtc_cmos as rtc0
Sep  6 15:47:10 cu-cs-vm kernel: [    1.216756] rtc_cmos rtc_cmos: alarms up to one day, 114 bytes nvram
Sep  6 15:47:10 cu-cs-vm kernel: [    1.217798] i2c /dev entries driver
Sep  6 15:47:10 cu-cs-vm kernel: [    1.218858] device-mapper: uevent: version 1.0.3
Sep  6 15:47:10 cu-cs-vm kernel: [    1.220128] device-mapper: ioctl: 4.34.0-ioctl (2015-10-28) initialised: dm-devel@redhat.com
Sep  6 15:47:10 cu-cs-vm kernel: [    1.221865] ledtrig-cpu: registered to indicate activity on CPUs
Sep  6 15:47:10 cu-cs-vm kernel: [    1.224549] NET: Registered protocol family 10
Sep  6 15:47:10 cu-cs-vm kernel: [    1.225486] NET: Registered protocol family 17
Sep  6 15:47:10 cu-cs-vm kernel: [    1.226067] Key type dns_resolver registered
Sep  6 15:47:10 cu-cs-vm kernel: [    1.226990] microcode: CPU0 sig=0x40651, pf=0x40, revision=0x0
Sep  6 15:47:10 cu-cs-vm kernel: [    1.227648] microcode: CPU1 sig=0x40651, pf=0x40, revision=0x0
Sep  6 15:47:10 cu-cs-vm kernel: [    1.228408] microcode: Microcode Update Driver: v2.01 <tigran@aivazian.fsnet.co.uk>, Peter Oruba
Sep  6 15:47:10 cu-cs-vm kernel: [    1.230082] registered taskstats version 1
Sep  6 15:47:10 cu-cs-vm kernel: [    1.230536] Loading compiled-in X.509 certificates
Sep  6 15:47:10 cu-cs-vm kernel: [    1.231678] Loaded X.509 cert 'Build time autogenerated kernel key: 3af79fe30bacfdf5a69d7305e371c51c3a49d633'
Sep  6 15:47:10 cu-cs-vm kernel: [    1.232515] zswap: loaded using pool lzo/zbud
Sep  6 15:47:10 cu-cs-vm kernel: [    1.236225] Key type trusted registered
Sep  6 15:47:10 cu-cs-vm kernel: [    1.243587] Key type encrypted registered
Sep  6 15:47:10 cu-cs-vm kernel: [    1.244061] AppArmor: AppArmor sha1 policy hashing enabled
Sep  6 15:47:10 cu-cs-vm kernel: [    1.244596] ima: No TPM chip found, activating TPM-bypass!
Sep  6 15:47:10 cu-cs-vm kernel: [    1.245066] evm: HMAC attrs: 0x1
Sep  6 15:47:10 cu-cs-vm kernel: [    1.246044]   Magic number: 0:932:802
Sep  6 15:47:10 cu-cs-vm kernel: [    1.246598] rtc_cmos rtc_cmos: setting system clock to 2016-09-06 21:47:06 UTC (1473198426)
Sep  6 15:47:10 cu-cs-vm kernel: [    1.247648] BIOS EDD facility v0.16 2004-Jun-25, 0 devices found
Sep  6 15:47:10 cu-cs-vm kernel: [    1.248128] EDD information not available.
Sep  6 15:47:10 cu-cs-vm kernel: [    1.248644] PM: Hibernation image not present or could not be loaded.
Sep  6 15:47:10 cu-cs-vm kernel: [    1.249890] Freeing unused kernel memory: 1472K (ffffffff81f3f000 - ffffffff820af000)
Sep  6 15:47:10 cu-cs-vm kernel: [    1.250645] Write protecting the kernel read-only data: 14336k
Sep  6 15:47:10 cu-cs-vm kernel: [    1.251963] Freeing unused kernel memory: 2020K (ffff880001807000 - ffff880001a00000)
Sep  6 15:47:10 cu-cs-vm kernel: [    1.255407] Freeing unused kernel memory: 304K (ffff880001db4000 - ffff880001e00000)
Sep  6 15:47:10 cu-cs-vm kernel: [    1.275137] random: systemd-udevd urandom read with 1 bits of entropy available
Sep  6 15:47:10 cu-cs-vm kernel: [    1.318106] e1000: Intel(R) PRO/1000 Network Driver - version 7.3.21-k8-NAPI
Sep  6 15:47:10 cu-cs-vm kernel: [    1.318685] e1000: Copyright (c) 1999-2006 Intel Corporation.
Sep  6 15:47:10 cu-cs-vm kernel: [    1.351490] FUJITSU Extended Socket Network Device Driver - version 1.0 - Copyright (c) 2015 FUJITSU LIMITED
Sep  6 15:47:10 cu-cs-vm kernel: [    1.570505] input: ImExPS/2 Generic Explorer Mouse as /devices/platform/i8042/serio1/input/input4
Sep  6 15:47:10 cu-cs-vm kernel: [    1.608423] usb 1-1: new full-speed USB device number 2 using ohci-pci
Sep  6 15:47:10 cu-cs-vm kernel: [    1.798756] e1000 0000:00:03.0 eth0: (PCI:33MHz:32-bit) 08:00:27:1a:f0:ed
Sep  6 15:47:10 cu-cs-vm kernel: [    1.799289] e1000 0000:00:03.0 eth0: Intel(R) PRO/1000 Network Connection
Sep  6 15:47:10 cu-cs-vm kernel: [    1.799836] ahci 0000:00:0d.0: version 3.0
Sep  6 15:47:10 cu-cs-vm kernel: [    1.800710] ahci 0000:00:0d.0: SSS flag set, parallel bus scan disabled
Sep  6 15:47:10 cu-cs-vm kernel: [    1.801881] ahci 0000:00:0d.0: AHCI 0001.0100 32 slots 2 ports 3 Gbps 0x3 impl SATA mode
Sep  6 15:47:10 cu-cs-vm kernel: [    1.803237] ahci 0000:00:0d.0: flags: 64bit ncq stag only ccc 
Sep  6 15:47:10 cu-cs-vm kernel: [    1.804540] scsi host0: ahci
Sep  6 15:47:10 cu-cs-vm kernel: [    1.805275] e1000 0000:00:03.0 enp0s3: renamed from eth0
Sep  6 15:47:10 cu-cs-vm kernel: [    1.806137] scsi host1: ahci
Sep  6 15:47:10 cu-cs-vm kernel: [    1.806803] ata1: SATA max UDMA/133 abar m8192@0xf0806000 port 0xf0806100 irq 21
Sep  6 15:47:10 cu-cs-vm kernel: [    1.808491] ata2: SATA max UDMA/133 abar m8192@0xf0806000 port 0xf0806180 irq 21
Sep  6 15:47:10 cu-cs-vm kernel: [    1.895364] usb 1-1: New USB device found, idVendor=80ee, idProduct=0021
Sep  6 15:47:10 cu-cs-vm kernel: [    1.896344] usb 1-1: New USB device strings: Mfr=1, Product=3, SerialNumber=0
Sep  6 15:47:10 cu-cs-vm kernel: [    1.897389] usb 1-1: Product: USB Tablet
Sep  6 15:47:10 cu-cs-vm kernel: [    1.898164] usb 1-1: Manufacturer: VirtualBox
Sep  6 15:47:10 cu-cs-vm kernel: [    1.916774] hidraw: raw HID events driver (C) Jiri Kosina
Sep  6 15:47:10 cu-cs-vm kernel: [    1.938051] usbcore: registered new interface driver usbhid
Sep  6 15:47:10 cu-cs-vm kernel: [    1.939370] usbhid: USB HID core driver
Sep  6 15:47:10 cu-cs-vm kernel: [    1.954624] input: VirtualBox USB Tablet as /devices/pci0000:00/0000:00:06.0/usb1/1-1/1-1:1.0/0003:80EE:0021.0001/input/input5
Sep  6 15:47:10 cu-cs-vm kernel: [    1.972752] hid-generic 0003:80EE:0021.0001: input,hidraw0: USB HID v1.10 Mouse [VirtualBox USB Tablet] on usb-0000:00:06.0-1/input0
Sep  6 15:47:10 cu-cs-vm kernel: [    2.065090] tsc: Refined TSC clocksource calibration: 1999.756 MHz
Sep  6 15:47:10 cu-cs-vm kernel: [    2.066028] clocksource: tsc: mask: 0xffffffffffffffff max_cycles: 0x39a68fa9fa2, max_idle_ns: 881590727611 ns
Sep  6 15:47:10 cu-cs-vm kernel: [    2.128852] ata1: SATA link up 3.0 Gbps (SStatus 123 SControl 300)
Sep  6 15:47:10 cu-cs-vm kernel: [    2.130017] ata1.00: ATA-8: VBOX HARDDISK, 1.0, max UDMA/133
Sep  6 15:47:10 cu-cs-vm kernel: [    2.130900] ata1.00: 134217728 sectors, multi 128: LBA48 NCQ (depth 31/32)
Sep  6 15:47:10 cu-cs-vm kernel: [    2.132243] ata1.00: configured for UDMA/133
Sep  6 15:47:10 cu-cs-vm kernel: [    2.133381] scsi 0:0:0:0: Direct-Access     ATA      VBOX HARDDISK    1.0  PQ: 0 ANSI: 5
Sep  6 15:47:10 cu-cs-vm kernel: [    2.135445] sd 0:0:0:0: [sda] 134217728 512-byte logical blocks: (68.7 GB/64.0 GiB)
Sep  6 15:47:10 cu-cs-vm kernel: [    2.136558] sd 0:0:0:0: [sda] Write Protect is off
Sep  6 15:47:10 cu-cs-vm kernel: [    2.136656] sd 0:0:0:0: Attached scsi generic sg0 type 0
Sep  6 15:47:10 cu-cs-vm kernel: [    2.138421] sd 0:0:0:0: [sda] Mode Sense: 00 3a 00 00
Sep  6 15:47:10 cu-cs-vm kernel: [    2.139133] sd 0:0:0:0: [sda] Write cache: enabled, read cache: enabled, doesn't support DPO or FUA
Sep  6 15:47:10 cu-cs-vm kernel: [    2.141446]  sda: sda1
Sep  6 15:47:10 cu-cs-vm kernel: [    2.142538] sd 0:0:0:0: [sda] Attached SCSI disk
Sep  6 15:47:10 cu-cs-vm kernel: [    2.456813] ata2: SATA link up 3.0 Gbps (SStatus 123 SControl 300)
Sep  6 15:47:10 cu-cs-vm kernel: [    2.457995] ata2.00: ATAPI: VBOX CD-ROM, 1.0, max UDMA/133
Sep  6 15:47:10 cu-cs-vm kernel: [    2.458869] ata2.00: applying bridge limits
Sep  6 15:47:10 cu-cs-vm kernel: [    2.459896] ata2.00: configured for UDMA/100
Sep  6 15:47:10 cu-cs-vm kernel: [    2.462347] scsi 1:0:0:0: CD-ROM            VBOX     CD-ROM           1.0  PQ: 0 ANSI: 5
Sep  6 15:47:10 cu-cs-vm kernel: [    2.473697] sr 1:0:0:0: [sr0] scsi3-mmc drive: 32x/32x xa/form2 tray
Sep  6 15:47:10 cu-cs-vm kernel: [    2.474935] cdrom: Uniform CD-ROM driver Revision: 3.20
Sep  6 15:47:10 cu-cs-vm kernel: [    2.477823] sr 1:0:0:0: Attached scsi CD-ROM sr0
Sep  6 15:47:10 cu-cs-vm kernel: [    2.478078] sr 1:0:0:0: Attached scsi generic sg1 type 5
Sep  6 15:47:10 cu-cs-vm kernel: [    2.660327] raid6: sse2x1   gen()  8278 MB/s
Sep  6 15:47:10 cu-cs-vm kernel: [    2.728392] raid6: sse2x1   xor()  6063 MB/s
Sep  6 15:47:10 cu-cs-vm kernel: [    2.796339] raid6: sse2x2   gen()  5488 MB/s
Sep  6 15:47:10 cu-cs-vm kernel: [    2.864350] raid6: sse2x2   xor()  5674 MB/s
Sep  6 15:47:10 cu-cs-vm kernel: [    2.932349] raid6: sse2x4   gen()  9777 MB/s
Sep  6 15:47:10 cu-cs-vm kernel: [    3.000299] raid6: sse2x4   xor()  6956 MB/s
Sep  6 15:47:10 cu-cs-vm kernel: [    3.000738] raid6: using algorithm sse2x4 gen() 9777 MB/s
Sep  6 15:47:10 cu-cs-vm kernel: [    3.001187] raid6: .... xor() 6956 MB/s, rmw enabled
Sep  6 15:47:10 cu-cs-vm kernel: [    3.001621] raid6: using ssse3x2 recovery algorithm
Sep  6 15:47:10 cu-cs-vm kernel: [    3.004163] xor: automatically using best checksumming function:
Sep  6 15:47:10 cu-cs-vm kernel: [    3.044376]    avx       : 19578.000 MB/sec
Sep  6 15:47:10 cu-cs-vm kernel: [    3.162521] Btrfs loaded
Sep  6 15:47:10 cu-cs-vm kernel: [    3.218620] BTRFS: device fsid 7edb9fb6-5937-400b-b2d4-95dbf988ef57 devid 1 transid 8821 /dev/sda1
Sep  6 15:47:10 cu-cs-vm kernel: [    3.257188] BTRFS info (device sda1): disk space caching is enabled
Sep  6 15:47:10 cu-cs-vm kernel: [    3.258458] BTRFS: has skinny extents
Sep  6 15:47:10 cu-cs-vm kernel: [    3.296280] BTRFS: detected SSD devices, enabling SSD mode
Sep  6 15:47:10 cu-cs-vm kernel: [    3.741473] lp: driver loaded but no devices found
Sep  6 15:47:10 cu-cs-vm kernel: [    3.760665] ppdev: user-space parallel port driver
Sep  6 15:47:10 cu-cs-vm kernel: [    3.987636] BTRFS info (device sda1): enabling auto defrag
Sep  6 15:47:10 cu-cs-vm kernel: [    3.987641] BTRFS info (device sda1): disk space caching is enabled
Sep  6 15:47:10 cu-cs-vm kernel: [    4.347079] piix4_smbus 0000:00:07.0: SMBus base address uninitialized - upgrade BIOS or use force_addr=0xaddr
Sep  6 15:47:10 cu-cs-vm kernel: [    4.355897] vboxguest: module verification failed: signature and/or required key missing - tainting kernel
Sep  6 15:47:10 cu-cs-vm kernel: [    4.410344] vgdrvHeartbeatInit: Setting up heartbeat to trigger every 2000 milliseconds
Sep  6 15:47:10 cu-cs-vm kernel: [    4.419435] ACPI: Video Device [GFX0] (multi-head: yes  rom: no  post: no)
Sep  6 15:47:10 cu-cs-vm kernel: [    4.419517] input: Video Bus as /devices/LNXSYSTM:00/LNXSYBUS:00/PNP0A03:00/LNXVIDEO:00/input/input6
Sep  6 15:47:10 cu-cs-vm kernel: [    4.419775] input: Unspecified device as /devices/pci0000:00/0000:00:04.0/input/input7
Sep  6 15:47:10 cu-cs-vm kernel: [    4.424884] vboxguest: misc device minor 55, IRQ 20, I/O port d020, MMIO at 00000000f0400000 (size 0x400000)
Sep  6 15:47:10 cu-cs-vm kernel: [    4.424888] vboxguest: Successfully loaded version 5.1.2 (interface 0x00010004)
Sep  6 15:47:10 cu-cs-vm kernel: [    4.442106] [drm] Initialized drm 1.1.0 20060810
Sep  6 15:47:10 cu-cs-vm kernel: [    4.618587] [drm] VRAM 04000000
Sep  6 15:47:10 cu-cs-vm kernel: [    4.621871] [TTM] Zone  kernel: Available graphics memory: 958802 kiB
Sep  6 15:47:10 cu-cs-vm kernel: [    4.621874] [TTM] Initializing pool allocator
Sep  6 15:47:10 cu-cs-vm kernel: [    4.621881] [TTM] Initializing DMA pool allocator
Sep  6 15:47:10 cu-cs-vm kernel: [    4.622515] fbcon: vboxdrmfb (fb0) is primary device
Sep  6 15:47:10 cu-cs-vm kernel: [    4.636246] Console: switching to colour frame buffer device 100x37
Sep  6 15:47:10 cu-cs-vm kernel: [    4.648127] vboxvideo 0000:00:02.0: fb0: vboxdrmfb frame buffer device
Sep  6 15:47:10 cu-cs-vm kernel: [    4.657587] [drm] Initialized vboxvideo 1.0.0 20130823 for 0000:00:02.0 on minor 0
Sep  6 15:47:10 cu-cs-vm kernel: [    4.779713] snd_intel8x0 0000:00:05.0: disable (unknown or VT-d) VM optimization
Sep  6 15:47:10 cu-cs-vm kernel: [    4.829537] BTRFS error (device sda1): could not find root 8
Sep  6 15:47:10 cu-cs-vm kernel: [    4.830471] BTRFS error (device sda1): could not find root 8
Sep  6 15:47:10 cu-cs-vm kernel: [    4.832432] AVX version of gcm_enc/dec engaged.
Sep  6 15:47:10 cu-cs-vm kernel: [    4.832436] AES CTR mode by8 optimization enabled
Sep  6 15:47:10 cu-cs-vm kernel: [    5.052924] audit: type=1400 audit(1473198430.304:2): apparmor="STATUS" operation="profile_load" profile="unconfined" name="/usr/lib/lightdm/lightdm-guest-session" pid=1398 comm="apparmor_parser"
Sep  6 15:47:10 cu-cs-vm kernel: [    5.053073] audit: type=1400 audit(1473198430.304:3): apparmor="STATUS" operation="profile_load" profile="unconfined" name="/usr/lib/lightdm/lightdm-guest-session//chromium" pid=1398 comm="apparmor_parser"
Sep  6 15:47:10 cu-cs-vm kernel: [    5.055424] audit: type=1400 audit(1473198430.304:4): apparmor="STATUS" operation="profile_load" profile="unconfined" name="/sbin/dhclient" pid=1399 comm="apparmor_parser"
Sep  6 15:47:10 cu-cs-vm kernel: [    5.055432] audit: type=1400 audit(1473198430.304:5): apparmor="STATUS" operation="profile_load" profile="unconfined" name="/usr/lib/NetworkManager/nm-dhcp-client.action" pid=1399 comm="apparmor_parser"
Sep  6 15:47:10 cu-cs-vm kernel: [    5.055436] audit: type=1400 audit(1473198430.304:6): apparmor="STATUS" operation="profile_load" profile="unconfined" name="/usr/lib/NetworkManager/nm-dhcp-helper" pid=1399 comm="apparmor_parser"
Sep  6 15:47:10 cu-cs-vm kernel: [    5.055441] audit: type=1400 audit(1473198430.304:7): apparmor="STATUS" operation="profile_load" profile="unconfined" name="/usr/lib/connman/scripts/dhclient-script" pid=1399 comm="apparmor_parser"
Sep  6 15:47:10 cu-cs-vm kernel: [    5.065670] audit: type=1400 audit(1473198430.316:8): apparmor="STATUS" operation="profile_load" profile="unconfined" name="/usr/bin/ubuntu-core-launcher" pid=1407 comm="apparmor_parser"
Sep  6 15:47:10 cu-cs-vm kernel: [    5.073679] audit: type=1400 audit(1473198430.324:9): apparmor="STATUS" operation="profile_load" profile="unconfined" name="/usr/sbin/cups-browsed" pid=1415 comm="apparmor_parser"
Sep  6 15:47:10 cu-cs-vm kernel: [    5.080811] audit: type=1400 audit(1473198430.332:10): apparmor="STATUS" operation="profile_load" profile="unconfined" name="/usr/lib/cups/backend/cups-pdf" pid=1421 comm="apparmor_parser"
Sep  6 15:47:10 cu-cs-vm kernel: [    5.122849] snd_intel8x0 0000:00:05.0: white list rate for 1028:0177 is 48000
Sep  6 15:47:10 cu-cs-vm systemd[1]: Starting LSB: Record successful boot for GRUB...
Sep  6 15:47:10 cu-cs-vm systemd[1]: Starting Avahi mDNS/DNS-SD Stack...
Sep  6 15:47:10 cu-cs-vm systemd[1]: Starting vboxadd-x11.service...
Sep  6 15:47:10 cu-cs-vm systemd[1]: Started D-Bus System Message Bus.
Sep  6 15:47:10 cu-cs-vm avahi-daemon[1609]: Found user 'avahi' (UID 111) and group 'avahi' (GID 120).
Sep  6 15:47:10 cu-cs-vm avahi-daemon[1609]: Successfully dropped root privileges.
Sep  6 15:47:10 cu-cs-vm avahi-daemon[1609]: avahi-daemon 0.6.32-rc starting up.
Sep  6 15:47:10 cu-cs-vm acpid: starting up with netlink and the input layer
Sep  6 15:47:10 cu-cs-vm acpid: 9 rules loaded
Sep  6 15:47:10 cu-cs-vm acpid: waiting for events: event logging is off
Sep  6 15:47:10 cu-cs-vm kernel: [    5.419895] vboxsf: Successfully loaded version 5.1.2 (interface 0x00010004)
Sep  6 15:47:10 cu-cs-vm dbus[1621]: [system] AppArmor D-Bus mediation is enabled
Sep  6 15:47:10 cu-cs-vm avahi-daemon[1609]: Successfully called chroot().
Sep  6 15:47:10 cu-cs-vm avahi-daemon[1609]: Successfully dropped remaining capabilities.
Sep  6 15:47:10 cu-cs-vm avahi-daemon[1609]: No service file found in /etc/avahi/services.
Sep  6 15:47:10 cu-cs-vm avahi-daemon[1609]: Network interface enumeration completed.
Sep  6 15:47:10 cu-cs-vm avahi-daemon[1609]: Server startup complete. Host name is cu-cs-vm.local. Local service cookie is 2092909268.
Sep  6 15:47:10 cu-cs-vm systemd[1]: Started Avahi mDNS/DNS-SD Stack.
Sep  6 15:47:10 cu-cs-vm systemd[1]: Starting Detect the available GPUs and deal with any system changes...
Sep  6 15:47:10 cu-cs-vm systemd[1]: Started Run anacron jobs.
Sep  6 15:47:10 cu-cs-vm anacron[1706]: Anacron 2.3 started on 2016-09-06
Sep  6 15:47:10 cu-cs-vm anacron[1706]: Normal exit (0 jobs run)
Sep  6 15:47:10 cu-cs-vm systemd[1]: Starting Login Service...
Sep  6 15:47:10 cu-cs-vm gpu-manager[1692]: /etc/modprobe.d is not a file
Sep  6 15:47:10 cu-cs-vm systemd[1]: Starting Modem Manager...
Sep  6 15:47:10 cu-cs-vm gpu-manager[1692]: /etc/modprobe.d is not a file
Sep  6 15:47:10 cu-cs-vm gpu-manager[1692]: /etc/modprobe.d is not a file
Sep  6 15:47:10 cu-cs-vm systemd[1]: Starting LSB: daemon to balance interrupts for SMP systems...
Sep  6 15:47:10 cu-cs-vm gpu-manager[1692]: /etc/modprobe.d is not a file
Sep  6 15:47:10 cu-cs-vm vboxadd-x11.sh: Installing the Window System drivers.
Sep  6 15:47:10 cu-cs-vm ModemManager[1713]: <info>  ModemManager (version 1.4.12) starting in system bus...
Sep  6 15:47:10 cu-cs-vm dbus[1621]: [system] Activating via systemd: service name='org.freedesktop.PolicyKit1' unit='polkitd.service'
Sep  6 15:47:10 cu-cs-vm systemd[1]: Starting Restore /etc/resolv.conf if the system crashed before the ppp link was shut down...
Sep  6 15:47:10 cu-cs-vm gpu-manager[1692]: /etc/modprobe.d is not a file
Sep  6 15:47:10 cu-cs-vm gpu-manager[1692]: Error: can't open /lib/modules/4.4.16homework/updates/dkms
Sep  6 15:47:10 cu-cs-vm gpu-manager[1692]: Error: can't open /lib/modules/4.4.16homework/updates/dkms
Sep  6 15:47:10 cu-cs-vm systemd[1]: Started uptime record daemon.
Sep  6 15:47:10 cu-cs-vm vboxadd-x11.sh: Installing X.Org Server 1.18 modules.
Sep  6 15:47:10 cu-cs-vm systemd[1]: Started Regular background program processing daemon.
Sep  6 15:47:10 cu-cs-vm systemd[1]: Started Make remote CUPS printers available locally.
Sep  6 15:47:10 cu-cs-vm cron[1756]: (CRON) INFO (pidfile fd = 3)
Sep  6 15:47:10 cu-cs-vm cron[1756]: (CRON) INFO (Running @reboot jobs)
Sep  6 15:47:10 cu-cs-vm systemd[1]: Started crash report submission daemon.
Sep  6 15:47:10 cu-cs-vm vboxadd-x11.sh: X.Org Server 1.18 modules installed.
Sep  6 15:47:10 cu-cs-vm systemd[1]: Starting Permit User Sessions...
Sep  6 15:47:10 cu-cs-vm gpu-manager[1692]: update-alternatives: error: no alternatives for x86_64-linux-gnu_gfxcore_conf
Sep  6 15:47:10 cu-cs-vm vboxadd-x11.sh: Setting up the Window System to use the Guest Additions.
Sep  6 15:47:10 cu-cs-vm systemd[1]: Starting Save/Restore Sound Card State...
Sep  6 15:47:10 cu-cs-vm systemd[1]: Starting Initialize hardware monitoring sensors...
Sep  6 15:47:10 cu-cs-vm vboxadd-x11.sh: Window System set up to use the Guest Additions.
Sep  6 15:47:10 cu-cs-vm vboxadd[1556]: You may need to restart the the Window System (or just restart the guest system)
Sep  6 15:47:10 cu-cs-vm vboxadd[1556]: to enable the Guest Additions.
Sep  6 15:47:10 cu-cs-vm vboxadd-x11.sh: Installing graphics libraries and desktop services components.
Sep  6 15:47:10 cu-cs-vm sensors[1788]: No sensors found!
Sep  6 15:47:10 cu-cs-vm sensors[1788]: Make sure you loaded all the kernel drivers you need.
Sep  6 15:47:10 cu-cs-vm sensors[1788]: Try sensors-detect to find out which these are.
Sep  6 15:47:10 cu-cs-vm systemd[1]: Starting LSB: Set the CPU Frequency Scaling governor to "ondemand"...
Sep  6 15:47:10 cu-cs-vm systemd[1]: Starting LSB: Execute the kexec -e command to reboot system...
Sep  6 15:47:10 cu-cs-vm systemd[1]: Starting Thermal Daemon Service...
Sep  6 15:47:10 cu-cs-vm systemd[1]: Starting Network Manager...
Sep  6 15:47:10 cu-cs-vm thermald[1814]: NO RAPL sysfs present
Sep  6 15:47:11 cu-cs-vm vboxadd-x11.sh: Window system drivers installed.
Sep  6 15:47:11 cu-cs-vm systemd[1]: Started Snappy daemon.
Sep  6 15:47:11 cu-cs-vm thermald[1814]: 13 CPUID levels; family:model:stepping 0x6:45:1 (6:69:1)
Sep  6 15:47:11 cu-cs-vm thermald[1814]: Polling mode is enabled: 4
Sep  6 15:47:11 cu-cs-vm thermald[1814]: Thermal DTS: No coretemp sysfs found
Sep  6 15:47:11 cu-cs-vm thermald[1814]: Thermal DTS or hwmon: No Zones present Need to configure manually
Sep  6 15:47:11 cu-cs-vm thermald[1814]: No thermal sensors found
Sep  6 15:47:11 cu-cs-vm thermald[1814]: THD engine start failed
Sep  6 15:47:11 cu-cs-vm systemd[1]: Started System Logging Service.
Sep  6 15:47:11 cu-cs-vm systemd[1]: Started vboxadd-x11.service.
Sep  6 15:47:11 cu-cs-vm NetworkManager[1818]: <info>  [1473198431.0520] NetworkManager (version 1.2.0) is starting...
Sep  6 15:47:11 cu-cs-vm NetworkManager[1818]: <info>  [1473198431.0556] Read config: /etc/NetworkManager/NetworkManager.conf (etc: default-wifi-powersave-on.conf)
Sep  6 15:47:11 cu-cs-vm whoopsie[1771]: [15:47:11] Using lock path: /var/lock/whoopsie/lock
Sep  6 15:47:11 cu-cs-vm NetworkManager[1818]: <info>  [1473198431.0661] manager[0x193b1a0]: monitoring kernel firmware directory '/lib/firmware'.
Sep  6 15:47:11 cu-cs-vm NetworkManager[1818]: <info>  [1473198431.0663] monitoring ifupdown state file '/run/network/ifstate'.
Sep  6 15:47:11 cu-cs-vm NetworkManager[1818]: <info>  [1473198431.0720] dns-mgr[0x195a8a0]: set resolv-conf-mode: dnsmasq, plugin="dnsmasq"
Sep  6 15:47:11 cu-cs-vm NetworkManager[1818]: <info>  [1473198431.0727] dns-mgr[0x195a8a0]: using resolv.conf manager 'resolvconf'
Sep  6 15:47:11 cu-cs-vm /usr/lib/snapd/snapd[1827]: daemon.go:212: DEBUG: adding /
Sep  6 15:47:11 cu-cs-vm systemd[1]: Started Detect the available GPUs and deal with any system changes.
Sep  6 15:47:11 cu-cs-vm /usr/lib/snapd/snapd[1827]: daemon.go:212: DEBUG: adding /v2/system-info
Sep  6 15:47:11 cu-cs-vm /usr/lib/snapd/snapd[1827]: daemon.go:212: DEBUG: adding /v2/login
Sep  6 15:47:11 cu-cs-vm /usr/lib/snapd/snapd[1827]: daemon.go:212: DEBUG: adding /v2/logout
Sep  6 15:47:11 cu-cs-vm /usr/lib/snapd/snapd[1827]: daemon.go:212: DEBUG: adding /v2/icons/{name}/icon
Sep  6 15:47:11 cu-cs-vm /usr/lib/snapd/snapd[1827]: daemon.go:212: DEBUG: adding /v2/find
Sep  6 15:47:11 cu-cs-vm /usr/lib/snapd/snapd[1827]: daemon.go:212: DEBUG: adding /v2/snaps
Sep  6 15:47:11 cu-cs-vm /usr/lib/snapd/snapd[1827]: daemon.go:212: DEBUG: adding /v2/snaps/{name}
Sep  6 15:47:11 cu-cs-vm /usr/lib/snapd/snapd[1827]: daemon.go:212: DEBUG: adding /v2/interfaces
Sep  6 15:47:11 cu-cs-vm /usr/lib/snapd/snapd[1827]: daemon.go:212: DEBUG: adding /v2/assertions
Sep  6 15:47:11 cu-cs-vm /usr/lib/snapd/snapd[1827]: daemon.go:212: DEBUG: adding /v2/assertions/{assertType}
Sep  6 15:47:11 cu-cs-vm dbus[1621]: [system] Activating via systemd: service name='org.freedesktop.nm_dispatcher' unit='dbus-org.freedesktop.nm-dispatcher.service'
Sep  6 15:47:11 cu-cs-vm /usr/lib/snapd/snapd[1827]: daemon.go:212: DEBUG: adding /v2/events
Sep  6 15:47:11 cu-cs-vm /usr/lib/snapd/snapd[1827]: daemon.go:212: DEBUG: adding /v2/changes/{id}
Sep  6 15:47:11 cu-cs-vm /usr/lib/snapd/snapd[1827]: daemon.go:212: DEBUG: adding /v2/changes
Sep  6 15:47:11 cu-cs-vm /usr/lib/snapd/snapd[1827]: daemon.go:212: DEBUG: adding /v2/create-user
Sep  6 15:47:11 cu-cs-vm /usr/lib/snapd/snapd[1827]: daemon.go:212: DEBUG: adding /v2/buy
Sep  6 15:47:11 cu-cs-vm /usr/lib/snapd/snapd[1827]: daemon.go:212: DEBUG: adding /v2/buy/methods
Sep  6 15:47:11 cu-cs-vm /usr/lib/snapd/snapd[1827]: daemon.go:202: DEBUG: init done in 24.055953ms
Sep  6 15:47:11 cu-cs-vm systemd[1]: Started Restore /etc/resolv.conf if the system crashed before the ppp link was shut down.
Sep  6 15:47:11 cu-cs-vm systemd[1]: Started Permit User Sessions.
Sep  6 15:47:11 cu-cs-vm systemd[1]: Started Thermal Daemon Service.
Sep  6 15:47:11 cu-cs-vm sensors[1880]: No sensors found!
Sep  6 15:47:11 cu-cs-vm sensors[1880]: Make sure you loaded all the kernel drivers you need.
Sep  6 15:47:11 cu-cs-vm sensors[1880]: Try sensors-detect to find out which these are.
Sep  6 15:47:11 cu-cs-vm systemd[1]: Started Initialize hardware monitoring sensors.
Sep  6 15:47:11 cu-cs-vm apport[1508]:  * Starting automatic crash report generation: apport
Sep  6 15:47:11 cu-cs-vm speech-dispatcher[1562]:  * speech-dispatcher disabled; edit /etc/default/speech-dispatcher
Sep  6 15:47:11 cu-cs-vm systemd[1]: Started LSB: Speech Dispatcher.
Sep  6 15:47:11 cu-cs-vm apport[1508]:    ...done.
Sep  6 15:47:11 cu-cs-vm systemd[1]: Started LSB: automatic crash report generation.
Sep  6 15:47:11 cu-cs-vm systemd[1]: Started Save/Restore Sound Card State.
Sep  6 15:47:11 cu-cs-vm systemd[1]: Started LSB: Record successful boot for GRUB.
Sep  6 15:47:11 cu-cs-vm irqbalance[1720]:  * Starting SMP IRQ Balancer: irqbalance
Sep  6 15:47:11 cu-cs-vm irqbalance[1720]:    ...done.
Sep  6 15:47:11 cu-cs-vm systemd[1]: Started LSB: daemon to balance interrupts for SMP systems.
Sep  6 15:47:11 cu-cs-vm systemd[1]: Started LSB: Set the CPU Frequency Scaling governor to "ondemand".
Sep  6 15:47:11 cu-cs-vm systemd[1]: Started LSB: Execute the kexec -e command to reboot system.
Sep  6 15:47:11 cu-cs-vm systemd[1]: Started Network Manager.
Sep  6 15:47:11 cu-cs-vm systemd[1]: Started Login Service.
Sep  6 15:47:11 cu-cs-vm systemd[1]: Starting Network Manager Script Dispatcher Service...
Sep  6 15:47:11 cu-cs-vm systemd[1]: Starting Network Manager Wait Online...
Sep  6 15:47:11 cu-cs-vm systemd[1]: Starting Authenticate and Authorize Users to Run Privileged Tasks...
Sep  6 15:47:11 cu-cs-vm systemd[1]: Starting LSB: Load kernel image with kexec...
Sep  6 15:47:11 cu-cs-vm systemd[1]: Reached target Sound Card.
Sep  6 15:47:11 cu-cs-vm systemd[1]: Starting Light Display Manager...
Sep  6 15:47:11 cu-cs-vm dbus[1621]: [system] Successfully activated service 'org.freedesktop.nm_dispatcher'
Sep  6 15:47:11 cu-cs-vm NetworkManager[1818]: <info>  [1473198431.4989] init!
Sep  6 15:47:11 cu-cs-vm NetworkManager[1818]: <info>  [1473198431.4992] management mode: unmanaged
Sep  6 15:47:11 cu-cs-vm NetworkManager[1818]: <info>  [1473198431.5006] devices added (path: /sys/devices/pci0000:00/0000:00:03.0/net/enp0s3, iface: enp0s3)
Sep  6 15:47:11 cu-cs-vm NetworkManager[1818]: <info>  [1473198431.5006] device added (path: /sys/devices/pci0000:00/0000:00:03.0/net/enp0s3, iface: enp0s3): no ifupdown configuration found.
Sep  6 15:47:11 cu-cs-vm NetworkManager[1818]: <info>  [1473198431.5006] devices added (path: /sys/devices/virtual/net/lo, iface: lo)
Sep  6 15:47:11 cu-cs-vm NetworkManager[1818]: <info>  [1473198431.5006] device added (path: /sys/devices/virtual/net/lo, iface: lo): no ifupdown configuration found.
Sep  6 15:47:11 cu-cs-vm NetworkManager[1818]: <info>  [1473198431.5007] end _init.
Sep  6 15:47:11 cu-cs-vm NetworkManager[1818]: <info>  [1473198431.5007] settings: loaded plugin ifupdown: (C) 2008 Canonical Ltd.  To report bugs please use the NetworkManager mailing list. (/usr/lib/x86_64-linux-gnu/NetworkManager/libnm-settings-plugin-ifupdown.so)
Sep  6 15:47:11 cu-cs-vm NetworkManager[1818]: <info>  [1473198431.5007] settings: loaded plugin keyfile: (c) 2007 - 2015 Red Hat, Inc.  To report bugs please use the NetworkManager mailing list.
Sep  6 15:47:11 cu-cs-vm dbus[1621]: [system] Activating via systemd: service name='org.freedesktop.hostname1' unit='dbus-org.freedesktop.hostname1.service'
Sep  6 15:47:11 cu-cs-vm NetworkManager[1818]: <info>  [1473198431.5021] SettingsPlugin-Ofono: init!
Sep  6 15:47:11 cu-cs-vm NetworkManager[1818]: <warn>  [1473198431.5022] SettingsPlugin-Ofono: file doesn't exist: /var/lib/ofono
Sep  6 15:47:11 cu-cs-vm NetworkManager[1818]: <info>  [1473198431.5022] SettingsPlugin-Ofono: end _init.
Sep  6 15:47:11 cu-cs-vm NetworkManager[1818]: <info>  [1473198431.5022] settings: loaded plugin ofono: (C) 2013-2016 Canonical Ltd.  To report bugs please use the NetworkManager mailing list. (/usr/lib/x86_64-linux-gnu/NetworkManager/libnm-settings-plugin-ofono.so)
Sep  6 15:47:11 cu-cs-vm NetworkManager[1818]: <info>  [1473198431.5022] (26606960) ... get_connections.
Sep  6 15:47:11 cu-cs-vm NetworkManager[1818]: <info>  [1473198431.5022] (26606960) ... get_connections (managed=false): return empty list.
Sep  6 15:47:11 cu-cs-vm NetworkManager[1818]: <info>  [1473198431.5023] SettingsPlugin-Ofono: (26607120) ... get_connections.
Sep  6 15:47:11 cu-cs-vm NetworkManager[1818]: <info>  [1473198431.5023] SettingsPlugin-Ofono: (26607120) connections count: 0
Sep  6 15:47:11 cu-cs-vm NetworkManager[1818]: <info>  [1473198431.5023] get unmanaged devices count: 0
Sep  6 15:47:11 cu-cs-vm systemd[1]: Started Raise network interfaces.
Sep  6 15:47:11 cu-cs-vm polkitd[1990]: started daemon version 0.105 using authority implementation `local' version `0.105'
Sep  6 15:47:11 cu-cs-vm dbus[1621]: [system] Successfully activated service 'org.freedesktop.PolicyKit1'
Sep  6 15:47:11 cu-cs-vm systemd[1]: Started Network Manager Script Dispatcher Service.
Sep  6 15:47:11 cu-cs-vm accounts-daemon[1574]: started daemon version 0.6.40
Sep  6 15:47:11 cu-cs-vm systemd[1]: Started LSB: Load kernel image with kexec.
Sep  6 15:47:11 cu-cs-vm systemd[1]: Started Authenticate and Authorize Users to Run Privileged Tasks.
Sep  6 15:47:11 cu-cs-vm systemd[1]: Started Accounts Service.
Sep  6 15:47:11 cu-cs-vm systemd[1]: Started Modem Manager.
Sep  6 15:47:11 cu-cs-vm systemd[1]: Starting Hostname Service...
Sep  6 15:47:11 cu-cs-vm systemd[1]: Reached target Network.
Sep  6 15:47:11 cu-cs-vm systemd[1]: Starting OpenBSD Secure Shell server...
Sep  6 15:47:11 cu-cs-vm vboxadd.sh: .
Sep  6 15:47:11 cu-cs-vm systemd[1]: Started Light Display Manager.
Sep  6 15:47:11 cu-cs-vm systemd[1]: Started vboxadd.service.
Sep  6 15:47:11 cu-cs-vm dbus[1621]: [system] Successfully activated service 'org.freedesktop.hostname1'
Sep  6 15:47:11 cu-cs-vm NetworkManager[1818]: <info>  [1473198431.6737] settings: hostname: using hostnamed
Sep  6 15:47:11 cu-cs-vm NetworkManager[1818]: <info>  [1473198431.6738] settings: hostname changed from (none) to "cu-cs-vm"
Sep  6 15:47:11 cu-cs-vm NetworkManager[1818]: <info>  [1473198431.6743] Using DHCP client 'dhclient'
Sep  6 15:47:11 cu-cs-vm NetworkManager[1818]: <info>  [1473198431.6743] manager: WiFi enabled by radio killswitch; enabled by state file
Sep  6 15:47:11 cu-cs-vm NetworkManager[1818]: <info>  [1473198431.6744] manager: WWAN enabled by radio killswitch; enabled by state file
Sep  6 15:47:11 cu-cs-vm NetworkManager[1818]: <info>  [1473198431.6744] manager: Networking is enabled by state file
Sep  6 15:47:11 cu-cs-vm NetworkManager[1818]: <info>  [1473198431.6744] Loaded device plugin: NMVxlanFactory (internal)
Sep  6 15:47:11 cu-cs-vm NetworkManager[1818]: <info>  [1473198431.6744] Loaded device plugin: NMVlanFactory (internal)
Sep  6 15:47:11 cu-cs-vm NetworkManager[1818]: <info>  [1473198431.6744] Loaded device plugin: NMVethFactory (internal)
Sep  6 15:47:11 cu-cs-vm NetworkManager[1818]: <info>  [1473198431.6745] Loaded device plugin: NMTunFactory (internal)
Sep  6 15:47:11 cu-cs-vm NetworkManager[1818]: <info>  [1473198431.6745] Loaded device plugin: NMMacvlanFactory (internal)
Sep  6 15:47:11 cu-cs-vm NetworkManager[1818]: <info>  [1473198431.6745] Loaded device plugin: NMIPTunnelFactory (internal)
Sep  6 15:47:11 cu-cs-vm NetworkManager[1818]: <info>  [1473198431.6745] Loaded device plugin: NMInfinibandFactory (internal)
Sep  6 15:47:11 cu-cs-vm NetworkManager[1818]: <info>  [1473198431.6745] Loaded device plugin: NMEthernetFactory (internal)
Sep  6 15:47:11 cu-cs-vm NetworkManager[1818]: <info>  [1473198431.6745] Loaded device plugin: NMBridgeFactory (internal)
Sep  6 15:47:11 cu-cs-vm NetworkManager[1818]: <info>  [1473198431.6745] Loaded device plugin: NMBondFactory (internal)
Sep  6 15:47:11 cu-cs-vm nm-dispatcher: req:1 'hostname': new request (1 scripts)
Sep  6 15:47:11 cu-cs-vm nm-dispatcher: req:1 'hostname': start running ordered scripts...
Sep  6 15:47:11 cu-cs-vm NetworkManager[1818]: <info>  [1473198431.6818] Loaded device plugin: NMAtmManager (/usr/lib/x86_64-linux-gnu/NetworkManager/libnm-device-plugin-adsl.so)
Sep  6 15:47:11 cu-cs-vm systemd[1]: Started Hostname Service.
Sep  6 15:47:11 cu-cs-vm NetworkManager[1818]: <info>  [1473198431.6947] Loaded device plugin: NMBluezManager (/usr/lib/x86_64-linux-gnu/NetworkManager/libnm-device-plugin-bluetooth.so)
Sep  6 15:47:11 cu-cs-vm NetworkManager[1818]: <info>  [1473198431.7027] Loaded device plugin: NMWifiFactory (/usr/lib/x86_64-linux-gnu/NetworkManager/libnm-device-plugin-wifi.so)
Sep  6 15:47:11 cu-cs-vm NetworkManager[1818]: <info>  [1473198431.7089] Loaded device plugin: NMWwanFactory (/usr/lib/x86_64-linux-gnu/NetworkManager/libnm-device-plugin-wwan.so)
Sep  6 15:47:11 cu-cs-vm kernel: [    6.462637] IPv6: ADDRCONF(NETDEV_UP): enp0s3: link is not ready
Sep  6 15:47:11 cu-cs-vm NetworkManager[1818]: <info>  [1473198431.7111] manager: (enp0s3): new Ethernet device (/org/freedesktop/NetworkManager/Devices/0)
Sep  6 15:47:11 cu-cs-vm NetworkManager[1818]: <info>  [1473198431.7128] keyfile: add connection in-memory (8d496f3b-f093-4a81-8c91-ce9e04a5ff7e,"Wired connection 1")
Sep  6 15:47:11 cu-cs-vm NetworkManager[1818]: <info>  [1473198431.7143] settings: (enp0s3): created default wired connection 'Wired connection 1'
Sep  6 15:47:11 cu-cs-vm NetworkManager[1818]: <info>  [1473198431.7157] device (enp0s3): state change: unmanaged -> unavailable (reason 'managed') [10 20 2]
Sep  6 15:47:11 cu-cs-vm systemd[1]: Starting vboxadd-service.service...
Sep  6 15:47:11 cu-cs-vm kernel: [    6.465477] e1000: enp0s3 NIC Link is Up 1000 Mbps Full Duplex, Flow Control: RX
Sep  6 15:47:11 cu-cs-vm NetworkManager[1818]: <info>  [1473198431.7298] device (enp0s3): link connected
Sep  6 15:47:11 cu-cs-vm NetworkManager[1818]: nm_device_get_device_type: assertion 'NM_IS_DEVICE (self)' failed
Sep  6 15:47:11 cu-cs-vm NetworkManager[1818]: <info>  [1473198431.7321] device (lo): link connected
Sep  6 15:47:11 cu-cs-vm vboxadd-service[2033]: vboxadd-service.sh: Starting VirtualBox Guest Addition service.
Sep  6 15:47:11 cu-cs-vm vboxadd-service.sh: Starting VirtualBox Guest Addition service.
Sep  6 15:47:11 cu-cs-vm NetworkManager[1818]: <info>  [1473198431.7371] manager: (lo): new Generic device (/org/freedesktop/NetworkManager/Devices/1)
Sep  6 15:47:11 cu-cs-vm NetworkManager[1818]: <info>  [1473198431.7466] urfkill disappeared from the bus
Sep  6 15:47:11 cu-cs-vm whoopsie[1771]: [15:47:11] Could not get the Network Manager state:
Sep  6 15:47:11 cu-cs-vm whoopsie[1771]: [15:47:11] GDBus.Error:org.freedesktop.DBus.Error.InvalidArgs: No such property 'state'
Sep  6 15:47:11 cu-cs-vm systemd[1]: Started OpenBSD Secure Shell server.
Sep  6 15:47:11 cu-cs-vm kernel: [    6.506585] VBoxService 5.1.2 r108956 (verbosity: 0) linux.amd64 (Jul 21 2016 17:47:02) release log
Sep  6 15:47:11 cu-cs-vm kernel: [    6.506585] 00:00:00.000096 main     Log opened 2016-09-06T21:47:11.759988000Z
Sep  6 15:47:11 cu-cs-vm kernel: [    6.506634] 00:00:00.000190 main     OS Product: Linux
Sep  6 15:47:11 cu-cs-vm kernel: [    6.506699] 00:00:00.000221 main     OS Release: 4.4.16homework
Sep  6 15:47:11 cu-cs-vm kernel: [    6.506782] 00:00:00.000331 main     OS Version: #2 SMP Tue Sep 6 15:45:04 MDT 2016
Sep  6 15:47:11 cu-cs-vm kernel: [    6.506822] 00:00:00.000371 main     Executable: /opt/VBoxGuestAdditions-5.1.2/sbin/VBoxService
Sep  6 15:47:11 cu-cs-vm kernel: [    6.506822] 00:00:00.000372 main     Process ID: 2043
Sep  6 15:47:11 cu-cs-vm kernel: [    6.506822] 00:00:00.000373 main     Package type: LINUX_64BITS_GENERIC
Sep  6 15:47:11 cu-cs-vm NetworkManager[1818]: <info>  [1473198431.7630] device (enp0s3): state change: unavailable -> disconnected (reason 'none') [20 30 0]
Sep  6 15:47:11 cu-cs-vm NetworkManager[1818]: <info>  [1473198431.7674] policy: auto-activating connection 'Wired connection 1'
Sep  6 15:47:11 cu-cs-vm kernel: [    6.515099] 00:00:00.008622 main     5.1.2 r108956 started. Verbose level = 0
Sep  6 15:47:11 cu-cs-vm NetworkManager[1818]: <info>  [1473198431.7695] device (enp0s3): Activation: starting connection 'Wired connection 1' (8d496f3b-f093-4a81-8c91-ce9e04a5ff7e)
Sep  6 15:47:11 cu-cs-vm NetworkManager[1818]: <info>  [1473198431.7699] device (enp0s3): state change: disconnected -> prepare (reason 'none') [30 40 0]
Sep  6 15:47:11 cu-cs-vm NetworkManager[1818]: <info>  [1473198431.7701] manager: NetworkManager state is now CONNECTING
Sep  6 15:47:11 cu-cs-vm NetworkManager[1818]: <info>  [1473198431.7711] device (enp0s3): state change: prepare -> config (reason 'none') [40 50 0]
Sep  6 15:47:11 cu-cs-vm vboxadd-service.sh: VirtualBox Guest Addition service started.
Sep  6 15:47:11 cu-cs-vm systemd[1]: Started vboxadd-service.service.
Sep  6 15:47:11 cu-cs-vm NetworkManager[1818]: <info>  [1473198431.7820] device (enp0s3): state change: config -> ip-config (reason 'none') [50 70 0]
Sep  6 15:47:11 cu-cs-vm NetworkManager[1818]: <info>  [1473198431.7829] dhcp4 (enp0s3): activation: beginning transaction (timeout in 45 seconds)
Sep  6 15:47:11 cu-cs-vm whoopsie[1771]: [15:47:11] offline
Sep  6 15:47:11 cu-cs-vm NetworkManager[1818]: <info>  [1473198431.7958] dhcp4 (enp0s3): dhclient started with pid 2057
Sep  6 15:47:11 cu-cs-vm NetworkManager[1818]: <info>  [1473198431.8046] ofono is now available
Sep  6 15:47:11 cu-cs-vm NetworkManager[1818]: <info>  [1473198431.8061] ModemManager available in the bus
Sep  6 15:47:11 cu-cs-vm NetworkManager[1818]: <warn>  [1473198431.8104] failed to enumerate oFono devices: GDBus.Error:org.freedesktop.DBus.Error.ServiceUnknown: The name org.ofono was not provided by any .service files
Sep  6 15:47:11 cu-cs-vm dhclient[2057]: DHCPDISCOVER on enp0s3 to 255.255.255.255 port 67 interval 3 (xid=0x9184aa7c)
Sep  6 15:47:11 cu-cs-vm dhclient[2057]: DHCPREQUEST of 10.0.2.15 on enp0s3 to 255.255.255.255 port 67 (xid=0x7caa8491)
Sep  6 15:47:11 cu-cs-vm dhclient[2057]: DHCPOFFER of 10.0.2.15 from 10.0.2.2
Sep  6 15:47:11 cu-cs-vm dhclient[2057]: DHCPACK of 10.0.2.15 from 10.0.2.2
Sep  6 15:47:11 cu-cs-vm NetworkManager[1818]: <info>  [1473198431.8770]   address 10.0.2.15
Sep  6 15:47:11 cu-cs-vm NetworkManager[1818]: <info>  [1473198431.8770]   plen 24 (255.255.255.0)
Sep  6 15:47:11 cu-cs-vm NetworkManager[1818]: <info>  [1473198431.8771]   gateway 10.0.2.2
Sep  6 15:47:11 cu-cs-vm NetworkManager[1818]: <info>  [1473198431.8771]   server identifier 10.0.2.2
Sep  6 15:47:11 cu-cs-vm NetworkManager[1818]: <info>  [1473198431.8771]   lease time 86400
Sep  6 15:47:11 cu-cs-vm NetworkManager[1818]: <info>  [1473198431.8771]   nameserver '128.138.129.76'
Sep  6 15:47:11 cu-cs-vm NetworkManager[1818]: <info>  [1473198431.8771]   nameserver '128.138.240.1'
Sep  6 15:47:11 cu-cs-vm NetworkManager[1818]: <info>  [1473198431.8772]   nameserver '128.138.130.30'
Sep  6 15:47:11 cu-cs-vm NetworkManager[1818]: <info>  [1473198431.8772]   domain name 'int.colorado.edu'
Sep  6 15:47:11 cu-cs-vm avahi-daemon[1609]: Joining mDNS multicast group on interface enp0s3.IPv4 with address 10.0.2.15.
Sep  6 15:47:11 cu-cs-vm NetworkManager[1818]: <info>  [1473198431.8772] dhcp4 (enp0s3): state changed unknown -> bound
Sep  6 15:47:11 cu-cs-vm avahi-daemon[1609]: New relevant interface enp0s3.IPv4 for mDNS.
Sep  6 15:47:11 cu-cs-vm avahi-daemon[1609]: Registering new address record for 10.0.2.15 on enp0s3.IPv4.
Sep  6 15:47:11 cu-cs-vm NetworkManager[1818]: <info>  [1473198431.8800] device (enp0s3): state change: ip-config -> ip-check (reason 'none') [70 80 0]
Sep  6 15:47:11 cu-cs-vm NetworkManager[1818]: <info>  [1473198431.8808] device (enp0s3): state change: ip-check -> secondaries (reason 'none') [80 90 0]
Sep  6 15:47:11 cu-cs-vm whoopsie[1771]: [15:47:11] Cannot reach: https://daisy.ubuntu.com
Sep  6 15:47:11 cu-cs-vm NetworkManager[1818]: <info>  [1473198431.8907] device (enp0s3): state change: secondaries -> activated (reason 'none') [90 100 0]
Sep  6 15:47:11 cu-cs-vm NetworkManager[1818]: <info>  [1473198431.8911] manager: NetworkManager state is now CONNECTED_LOCAL
Sep  6 15:47:11 cu-cs-vm NetworkManager[1818]: <info>  [1473198431.8929] manager: NetworkManager state is now CONNECTED_GLOBAL
Sep  6 15:47:11 cu-cs-vm NetworkManager[1818]: <info>  [1473198431.8932] policy: set 'Wired connection 1' (enp0s3) as default for IPv4 routing and DNS
Sep  6 15:47:11 cu-cs-vm NetworkManager[1818]: <info>  [1473198431.8948] DNS: starting dnsmasq...
Sep  6 15:47:11 cu-cs-vm dhclient[2057]: bound to 10.0.2.15 -- renewal in 36773 seconds.
Sep  6 15:47:11 cu-cs-vm NetworkManager[1818]: <warn>  [1473198431.9042] dnsmasq[0x1950ee0]: dnsmasq not found on the bus. The nameserver update will be sent when dnsmasq appears
Sep  6 15:47:11 cu-cs-vm NetworkManager[1818]: <info>  [1473198431.9043] dns-mgr: Writing DNS information to /sbin/resolvconf
Sep  6 15:47:11 cu-cs-vm dnsmasq[2071]: started, version 2.75 cache disabled
Sep  6 15:47:11 cu-cs-vm dnsmasq[2071]: compile time options: IPv6 GNU-getopt DBus i18n IDN DHCP DHCPv6 no-Lua TFTP conntrack ipset auth DNSSEC loop-detect inotify
Sep  6 15:47:11 cu-cs-vm dnsmasq[2071]: DBus support enabled: connected to system bus
Sep  6 15:47:11 cu-cs-vm dnsmasq[2071]: warning: no upstream servers configured
Sep  6 15:47:12 cu-cs-vm NetworkManager[1818]: <info>  [1473198432.0873] device (enp0s3): Activation: successful, device activated.
Sep  6 15:47:12 cu-cs-vm nm-dispatcher: req:2 'up' [enp0s3]: new request (1 scripts)
Sep  6 15:47:12 cu-cs-vm nm-dispatcher: req:2 'up' [enp0s3]: start running ordered scripts...
Sep  6 15:47:12 cu-cs-vm NetworkManager[1818]: <info>  [1473198432.0930] dnsmasq[0x1950ee0]: dnsmasq appeared as :1.21
Sep  6 15:47:12 cu-cs-vm NetworkManager[1818]: <info>  [1473198432.0931] dns-mgr: Writing DNS information to /sbin/resolvconf
Sep  6 15:47:12 cu-cs-vm whoopsie[1771]: [15:47:12] The default IPv4 route is: /org/freedesktop/NetworkManager/ActiveConnection/0
Sep  6 15:47:12 cu-cs-vm dnsmasq[2071]: setting upstream servers from DBus
Sep  6 15:47:12 cu-cs-vm dnsmasq[2071]: using nameserver 128.138.129.76#53
Sep  6 15:47:12 cu-cs-vm dnsmasq[2071]: using nameserver 128.138.240.1#53
Sep  6 15:47:12 cu-cs-vm dnsmasq[2071]: using nameserver 128.138.130.30#53
Sep  6 15:47:12 cu-cs-vm whoopsie[1771]: [15:47:12] Not a paid data plan: /org/freedesktop/NetworkManager/ActiveConnection/0
Sep  6 15:47:12 cu-cs-vm whoopsie[1771]: [15:47:12] Found usable connection: /org/freedesktop/NetworkManager/ActiveConnection/0
Sep  6 15:47:12 cu-cs-vm whoopsie[1771]: [15:47:12] online
Sep  6 15:47:12 cu-cs-vm systemd[1]: Created slice User Slice of user.
Sep  6 15:47:12 cu-cs-vm systemd[1]: Starting User Manager for UID 1000...
Sep  6 15:47:12 cu-cs-vm systemd[1]: Started Session c1 of user user.
Sep  6 15:47:12 cu-cs-vm systemd[1]: Reloading OpenBSD Secure Shell server.
Sep  6 15:47:12 cu-cs-vm systemd[1]: Reloaded OpenBSD Secure Shell server.
Sep  6 15:47:12 cu-cs-vm systemd[2184]: Reached target Sockets.
Sep  6 15:47:12 cu-cs-vm systemd[2184]: Reached target Timers.
Sep  6 15:47:12 cu-cs-vm systemd[2184]: Reached target Paths.
Sep  6 15:47:12 cu-cs-vm systemd[2184]: Reached target Basic System.
Sep  6 15:47:12 cu-cs-vm systemd[2184]: Reached target Default.
Sep  6 15:47:12 cu-cs-vm systemd[2184]: Startup finished in 60ms.
Sep  6 15:47:12 cu-cs-vm systemd[1]: Started User Manager for UID 1000.
Sep  6 15:47:12 cu-cs-vm systemd[1]: Reloading OpenBSD Secure Shell server.
Sep  6 15:47:12 cu-cs-vm systemd[1]: Reloaded OpenBSD Secure Shell server.
Sep  6 15:47:12 cu-cs-vm avahi-daemon[1609]: Joining mDNS multicast group on interface enp0s3.IPv6 with address fe80::9666:387f:56dd:b0bf.
Sep  6 15:47:12 cu-cs-vm avahi-daemon[1609]: New relevant interface enp0s3.IPv6 for mDNS.
Sep  6 15:47:12 cu-cs-vm avahi-daemon[1609]: Registering new address record for fe80::9666:387f:56dd:b0bf on enp0s3.*.
Sep  6 15:47:13 cu-cs-vm ModemManager[1713]: <info>  Couldn't find support for device at '/sys/devices/pci0000:00/0000:00:03.0': not supported by any plugin
Sep  6 15:47:14 cu-cs-vm dbus[1621]: [system] Activating via systemd: service name='org.freedesktop.UPower' unit='upower.service'
Sep  6 15:47:14 cu-cs-vm systemd[1]: Starting Daemon for power management...
Sep  6 15:47:14 cu-cs-vm dbus[1621]: [system] Activating via systemd: service name='org.freedesktop.RealtimeKit1' unit='rtkit-daemon.service'
Sep  6 15:47:14 cu-cs-vm dbus[1621]: [system] Successfully activated service 'org.freedesktop.UPower'
Sep  6 15:47:14 cu-cs-vm systemd[1]: Starting RealtimeKit Scheduling Policy Service...
Sep  6 15:47:14 cu-cs-vm systemd[1]: Started Daemon for power management.
Sep  6 15:47:14 cu-cs-vm dbus[1621]: [system] Successfully activated service 'org.freedesktop.RealtimeKit1'
Sep  6 15:47:14 cu-cs-vm systemd[1]: Started RealtimeKit Scheduling Policy Service.
Sep  6 15:47:14 cu-cs-vm rtkit-daemon[2734]: Successfully called chroot.
Sep  6 15:47:14 cu-cs-vm rtkit-daemon[2734]: Successfully dropped privileges.
Sep  6 15:47:14 cu-cs-vm rtkit-daemon[2734]: Successfully limited resources.
Sep  6 15:47:14 cu-cs-vm rtkit-daemon[2734]: Running.
Sep  6 15:47:14 cu-cs-vm rtkit-daemon[2734]: Canary thread running.
Sep  6 15:47:14 cu-cs-vm rtkit-daemon[2734]: Watchdog thread running.
Sep  6 15:47:14 cu-cs-vm rtkit-daemon[2734]: Successfully made thread 2733 of process 2733 (n/a) owned by '1000' high priority at nice level -11.
Sep  6 15:47:14 cu-cs-vm rtkit-daemon[2734]: Supervising 1 threads of 1 processes of 1 users.
Sep  6 15:47:14 cu-cs-vm pulseaudio[2733]: [pulseaudio] alsa-util.c: Disabling timer-based scheduling because running inside a VM.
Sep  6 15:47:14 cu-cs-vm pulseaudio[2733]: [pulseaudio] sink.c: Default and alternate sample rates are the same.
Sep  6 15:47:14 cu-cs-vm rtkit-daemon[2734]: Supervising 1 threads of 1 processes of 1 users.
Sep  6 15:47:14 cu-cs-vm rtkit-daemon[2734]: Successfully made thread 2793 of process 2733 (n/a) owned by '1000' RT at priority 5.
Sep  6 15:47:14 cu-cs-vm rtkit-daemon[2734]: Supervising 2 threads of 1 processes of 1 users.
Sep  6 15:47:14 cu-cs-vm pulseaudio[2733]: [pulseaudio] alsa-util.c: Disabling timer-based scheduling because running inside a VM.
Sep  6 15:47:14 cu-cs-vm rtkit-daemon[2734]: Supervising 2 threads of 1 processes of 1 users.
Sep  6 15:47:14 cu-cs-vm rtkit-daemon[2734]: Successfully made thread 2794 of process 2733 (n/a) owned by '1000' RT at priority 5.
Sep  6 15:47:14 cu-cs-vm rtkit-daemon[2734]: Supervising 3 threads of 1 processes of 1 users.
Sep  6 15:47:14 cu-cs-vm rtkit-daemon[2734]: Successfully made thread 2807 of process 2807 (n/a) owned by '1000' high priority at nice level -11.
Sep  6 15:47:14 cu-cs-vm rtkit-daemon[2734]: Supervising 4 threads of 2 processes of 1 users.
Sep  6 15:47:14 cu-cs-vm pulseaudio[2807]: [pulseaudio] pid.c: Daemon already running.
Sep  6 15:47:15 cu-cs-vm org.a11y.Bus[2430]: ** (process:2829): WARNING **: Failed to register client: GDBus.Error:org.freedesktop.DBus.Error.ServiceUnknown: The name org.gnome.SessionManager was not provided by any .service files
Sep  6 15:47:15 cu-cs-vm org.a11y.Bus[2430]: Activating service name='org.a11y.atspi.Registry'
Sep  6 15:47:15 cu-cs-vm org.a11y.Bus[2430]: Successfully activated service 'org.a11y.atspi.Registry'
Sep  6 15:47:15 cu-cs-vm org.a11y.atspi.Registry[2836]: SpiRegistry daemon is running with well-known name - org.a11y.atspi.Registry
Sep  6 15:47:15 cu-cs-vm dbus[1621]: [system] Activating via systemd: service name='org.freedesktop.UDisks2' unit='udisks2.service'
Sep  6 15:47:15 cu-cs-vm systemd[1]: Starting Disk Manager...
Sep  6 15:47:15 cu-cs-vm udisksd[2899]: udisks daemon version 2.1.7 starting
Sep  6 15:47:15 cu-cs-vm dbus[1621]: [system] Successfully activated service 'org.freedesktop.UDisks2'
Sep  6 15:47:15 cu-cs-vm systemd[1]: Started Disk Manager.
Sep  6 15:47:15 cu-cs-vm udisksd[2899]: Acquired the name org.freedesktop.UDisks2 on the system message bus
Sep  6 15:47:16 cu-cs-vm org.gtk.vfs.AfcVolumeMonitor[2430]: Volume monitor alive
Sep  6 15:47:16 cu-cs-vm dbus[1621]: [system] Activating via systemd: service name='org.bluez' unit='dbus-org.bluez.service'
Sep  6 15:47:17 cu-cs-vm NetworkManager[1818]: <info>  [1473198437.5014] manager: startup complete
Sep  6 15:47:17 cu-cs-vm systemd[1]: Started Network Manager Wait Online.
Sep  6 15:47:17 cu-cs-vm systemd[1]: Reached target Network is Online.
Sep  6 15:47:17 cu-cs-vm systemd[1]: Starting LSB: disk temperature monitoring daemon...
Sep  6 15:47:17 cu-cs-vm systemd[1]: Starting /etc/rc.local Compatibility...
Sep  6 15:47:17 cu-cs-vm systemd[1]: Started LSB: disk temperature monitoring daemon.
Sep  6 15:47:17 cu-cs-vm systemd[1]: Started /etc/rc.local Compatibility.
Sep  6 15:47:17 cu-cs-vm systemd[1]: Starting Hold until boot process finishes up...
Sep  6 15:47:17 cu-cs-vm systemd[1]: Started Hold until boot process finishes up.
Sep  6 15:47:17 cu-cs-vm systemd[1]: Starting Set console scheme...
Sep  6 15:47:17 cu-cs-vm systemd[1]: Started Getty on tty1.
Sep  6 15:47:17 cu-cs-vm systemd[1]: Reached target Login Prompts.
Sep  6 15:47:17 cu-cs-vm systemd[1]: Reached target Multi-User System.
Sep  6 15:47:17 cu-cs-vm systemd[1]: Reached target Graphical Interface.
Sep  6 15:47:17 cu-cs-vm systemd[1]: Starting Update UTMP about System Runlevel Changes...
Sep  6 15:47:17 cu-cs-vm systemd[1]: Started Set console scheme.
Sep  6 15:47:17 cu-cs-vm systemd[1]: Started Update UTMP about System Runlevel Changes.
Sep  6 15:47:17 cu-cs-vm systemd[1]: Startup finished in 3.183s (kernel) + 8.906s (userspace) = 12.090s.
Sep  6 15:47:18 cu-cs-vm kernel: [   13.474029] random: nonblocking pool is initialized
Sep  6 15:47:21 cu-cs-vm NetworkManager[1818]: <info>  [1473198441.5029] WiFi hardware radio set enabled
Sep  6 15:47:21 cu-cs-vm NetworkManager[1818]: <info>  [1473198441.5030] WWAN hardware radio set enabled
Sep  6 15:47:42 cu-cs-vm obexd[3025]: OBEX daemon 5.37
Sep  6 15:47:42 cu-cs-vm dbus[1621]: [system] Activating via systemd: service name='org.bluez' unit='dbus-org.bluez.service'
Sep  6 15:47:42 cu-cs-vm dbus[1621]: [system] Activating service name='org.blueman.Mechanism' (using servicehelper)
Sep  6 15:47:42 cu-cs-vm org.blueman.Mechanism[1621]: Failed to connect to Mir: Failed to connect to server socket: No such file or directory
Sep  6 15:47:42 cu-cs-vm org.blueman.Mechanism[1621]: Unable to init server: Could not connect: Connection refused
Sep  6 15:47:42 cu-cs-vm org.blueman.Mechanism[1621]: Failed to connect to Mir: Failed to connect to server socket: No such file or directory
Sep  6 15:47:42 cu-cs-vm org.blueman.Mechanism[1621]: Unable to init server: Could not connect: Connection refused
Sep  6 15:47:42 cu-cs-vm blueman-mechanism: Starting blueman-mechanism
Sep  6 15:47:42 cu-cs-vm dbus[1621]: [system] Successfully activated service 'org.blueman.Mechanism'
Sep  6 15:47:42 cu-cs-vm org.blueman.Mechanism[1621]: (blueman-mechanism:3027): Gtk-CRITICAL **: gtk_icon_theme_get_for_screen: assertion 'GDK_IS_SCREEN (screen)' failed
Sep  6 15:47:42 cu-cs-vm blueman-mechanism: loading Network
Sep  6 15:47:42 cu-cs-vm blueman-mechanism: loading Ppp
Sep  6 15:47:42 cu-cs-vm blueman-mechanism: loading RfKill
Sep  6 15:47:42 cu-cs-vm blueman-mechanism: loading Rfcomm
Sep  6 15:48:12 cu-cs-vm blueman-mechanism: Exiting
Sep  6 15:57:10 cu-cs-vm uptimed: moving up to position 6: 0 days, 00:10:06
Sep  6 15:57:53 cu-cs-vm kernel: [  648.088886] hello world
Sep  6 16:02:14 cu-cs-vm systemd[1]: Starting Cleanup of Temporary Directories...
Sep  6 16:02:14 cu-cs-vm systemd-tmpfiles[3278]: [/usr/lib/tmpfiles.d/var.conf:14] Duplicate line for path "/var/log", ignoring.
Sep  6 16:02:14 cu-cs-vm systemd[1]: Started Cleanup of Temporary Directories.
Sep  6 16:07:10 cu-cs-vm uptimed: moving up to position 5: 0 days, 00:20:06
Sep  6 16:17:01 cu-cs-vm CRON[3340]: (root) CMD (   cd / && run-parts --report /etc/cron.hourly)
Sep  6 16:27:10 cu-cs-vm uptimed: moving up to position 4: 0 days, 00:40:06
Sep  6 16:31:13 cu-cs-vm vboxadd.sh: Building Guest Additions kernel modules.
Sep  6 16:31:19 cu-cs-vm systemd[1]: Stopping Session c1 of user user.
Sep  6 16:31:19 cu-cs-vm systemd[1]: Stopped target Timers.
Sep  6 16:31:19 cu-cs-vm systemd[1]: Stopped target Sound Card.
Sep  6 16:31:19 cu-cs-vm systemd[1]: Stopping Disk Manager...
Sep  6 16:31:19 cu-cs-vm systemd[1]: Stopping ACPI event daemon...
Sep  6 16:31:19 cu-cs-vm systemd[1]: Stopped Daily apt activities.
Sep  6 16:31:19 cu-cs-vm systemd[1]: Stopping Daemon for power management...
Sep  6 16:31:19 cu-cs-vm systemd[1]: Stopped target Graphical Interface.
Sep  6 16:31:19 cu-cs-vm systemd[1]: Stopped target Multi-User System.
Sep  6 16:31:19 cu-cs-vm rsyslogd: [origin software="rsyslogd" swVersion="8.16.0" x-pid="1565" x-info="http://www.rsyslog.com"] exiting on signal 15.
Sep  6 16:31:33 cu-cs-vm rsyslogd: [origin software="rsyslogd" swVersion="8.16.0" x-pid="1814" x-info="http://www.rsyslog.com"] start
Sep  6 16:31:33 cu-cs-vm rsyslogd-2222: command 'KLogPermitNonKernelFacility' is currently not permitted - did you already set it via a RainerScript command (v6+ config)? [v8.16.0 try http://www.rsyslog.com/e/2222 ]
Sep  6 16:31:33 cu-cs-vm rsyslogd: rsyslogd's groupid changed to 108
Sep  6 16:31:33 cu-cs-vm rsyslogd: rsyslogd's userid changed to 104
Sep  6 16:31:33 cu-cs-vm kernel: [    0.000000] Initializing cgroup subsys cpuset
Sep  6 16:31:33 cu-cs-vm kernel: [    0.000000] Initializing cgroup subsys cpu
Sep  6 16:31:33 cu-cs-vm kernel: [    0.000000] Initializing cgroup subsys cpuacct
Sep  6 16:31:33 cu-cs-vm kernel: [    0.000000] Linux version 4.4.16homework (root@cu-cs-vm) (gcc version 5.4.0 20160609 (Ubuntu 5.4.0-6ubuntu1~16.04.2) ) #3 SMP Tue Sep 6 16:29:44 MDT 2016 (Ubuntu 4.4.0-34.53-generic 4.4.15)
Sep  6 16:31:33 cu-cs-vm kernel: [    0.000000] Command line: BOOT_IMAGE=/@/boot/vmlinuz-4.4.16homework root=UUID=7edb9fb6-5937-400b-b2d4-95dbf988ef57 ro rootflags=subvol=@ crashkernel=384M-:128M
Sep  6 16:31:33 cu-cs-vm kernel: [    0.000000] KERNEL supported cpus:
Sep  6 16:31:33 cu-cs-vm kernel: [    0.000000]   Intel GenuineIntel
Sep  6 16:31:33 cu-cs-vm kernel: [    0.000000]   AMD AuthenticAMD
Sep  6 16:31:33 cu-cs-vm kernel: [    0.000000]   Centaur CentaurHauls
Sep  6 16:31:33 cu-cs-vm kernel: [    0.000000] x86/fpu: xstate_offset[2]:  576, xstate_sizes[2]:  256
Sep  6 16:31:33 cu-cs-vm kernel: [    0.000000] x86/fpu: Supporting XSAVE feature 0x01: 'x87 floating point registers'
Sep  6 16:31:33 cu-cs-vm kernel: [    0.000000] x86/fpu: Supporting XSAVE feature 0x02: 'SSE registers'
Sep  6 16:31:33 cu-cs-vm kernel: [    0.000000] x86/fpu: Supporting XSAVE feature 0x04: 'AVX registers'
Sep  6 16:31:33 cu-cs-vm kernel: [    0.000000] x86/fpu: Enabled xstate features 0x7, context size is 832 bytes, using 'standard' format.
Sep  6 16:31:33 cu-cs-vm kernel: [    0.000000] x86/fpu: Using 'lazy' FPU context switches.
Sep  6 16:31:33 cu-cs-vm kernel: [    0.000000] e820: BIOS-provided physical RAM map:
Sep  6 16:31:33 cu-cs-vm kernel: [    0.000000] BIOS-e820: [mem 0x0000000000000000-0x000000000009fbff] usable
Sep  6 16:31:33 cu-cs-vm kernel: [    0.000000] BIOS-e820: [mem 0x000000000009fc00-0x000000000009ffff] reserved
Sep  6 16:31:33 cu-cs-vm kernel: [    0.000000] BIOS-e820: [mem 0x00000000000f0000-0x00000000000fffff] reserved
Sep  6 16:31:33 cu-cs-vm kernel: [    0.000000] BIOS-e820: [mem 0x0000000000100000-0x000000007ffeffff] usable
Sep  6 16:31:33 cu-cs-vm kernel: [    0.000000] BIOS-e820: [mem 0x000000007fff0000-0x000000007fffffff] ACPI data
Sep  6 16:31:33 cu-cs-vm kernel: [    0.000000] BIOS-e820: [mem 0x00000000fffc0000-0x00000000ffffffff] reserved
Sep  6 16:31:33 cu-cs-vm kernel: [    0.000000] NX (Execute Disable) protection: active
Sep  6 16:31:33 cu-cs-vm kernel: [    0.000000] SMBIOS 2.5 present.
Sep  6 16:31:33 cu-cs-vm kernel: [    0.000000] DMI: innotek GmbH VirtualBox/VirtualBox, BIOS VirtualBox 12/01/2006
Sep  6 16:31:33 cu-cs-vm kernel: [    0.000000] Hypervisor detected: KVM
Sep  6 16:31:33 cu-cs-vm kernel: [    0.000000] e820: update [mem 0x00000000-0x00000fff] usable ==> reserved
Sep  6 16:31:33 cu-cs-vm kernel: [    0.000000] e820: remove [mem 0x000a0000-0x000fffff] usable
Sep  6 16:31:33 cu-cs-vm kernel: [    0.000000] e820: last_pfn = 0x7fff0 max_arch_pfn = 0x400000000
Sep  6 16:31:33 cu-cs-vm kernel: [    0.000000] MTRR default type: uncachable
Sep  6 16:31:33 cu-cs-vm kernel: [    0.000000] MTRR variable ranges disabled:
Sep  6 16:31:33 cu-cs-vm kernel: [    0.000000] x86/PAT: Configuration [0-7]: WB  WC  UC- UC  WB  WC  UC- WT  
Sep  6 16:31:33 cu-cs-vm kernel: [    0.000000] MTRR: Disabled
Sep  6 16:31:33 cu-cs-vm kernel: [    0.000000] CPU MTRRs all blank - virtualized system.
Sep  6 16:31:33 cu-cs-vm kernel: [    0.000000] found SMP MP-table at [mem 0x0009fff0-0x0009ffff] mapped at [ffff88000009fff0]
Sep  6 16:31:33 cu-cs-vm kernel: [    0.000000] Scanning 1 areas for low memory corruption
Sep  6 16:31:33 cu-cs-vm kernel: [    0.000000] Base memory trampoline at [ffff880000099000] 99000 size 24576
Sep  6 16:31:33 cu-cs-vm kernel: [    0.000000] BRK [0x021fb000, 0x021fbfff] PGTABLE
Sep  6 16:31:33 cu-cs-vm kernel: [    0.000000] BRK [0x021fc000, 0x021fcfff] PGTABLE
Sep  6 16:31:33 cu-cs-vm kernel: [    0.000000] BRK [0x021fd000, 0x021fdfff] PGTABLE
Sep  6 16:31:33 cu-cs-vm kernel: [    0.000000] BRK [0x021fe000, 0x021fefff] PGTABLE
Sep  6 16:31:33 cu-cs-vm kernel: [    0.000000] BRK [0x021ff000, 0x021fffff] PGTABLE
Sep  6 16:31:33 cu-cs-vm kernel: [    0.000000] RAMDISK: [mem 0x33842000-0x35c18fff]
Sep  6 16:31:33 cu-cs-vm kernel: [    0.000000] ACPI: Early table checksum verification disabled
Sep  6 16:31:33 cu-cs-vm kernel: [    0.000000] ACPI: RSDP 0x00000000000E0000 000024 (v02 VBOX  )
Sep  6 16:31:33 cu-cs-vm kernel: [    0.000000] ACPI: XSDT 0x000000007FFF0030 00003C (v01 VBOX   VBOXXSDT 00000001 ASL  00000061)
